Component: ARM Compiler 5.06 update 5 (build 528) Tool: armlink [4d35e2]

==============================================================================

Section Cross References

    main.o(i.game2_task) refers to game2.o(i.game2) for game2
    main.o(i.game3_task) refers to game3.o(i.game3) for game3
    main.o(i.game4_task) refers to game4.o(i.game4) for game4
    main.o(i.geme1_task) refers to game1.o(i.game1) for game1
    main.o(i.info_task) refers to infos.o(i.infos) for infos
    main.o(i.main) refers to misc.o(i.NVIC_PriorityGroupConfig) for NVIC_PriorityGroupConfig
    main.o(i.main) refers to delay_1.o(i.delay_init) for delay_init
    main.o(i.main) refers to usart.o(i.uart_init) for uart_init
    main.o(i.main) refers to key.o(i.Key_Init) for Key_Init
    main.o(i.main) refers to oled1.o(i.A_OLED_Init) for A_OLED_Init
    main.o(i.main) refers to game1.o(i.Color_LED_Init) for Color_LED_Init
    main.o(i.main) refers to music_pwm.o(i.music_PWM_Init) for music_PWM_Init
    main.o(i.main) refers to music_pwm.o(i.music_PWM_SetCompare4) for music_PWM_SetCompare4
    main.o(i.main) refers to tasks.o(i.xTaskCreate) for xTaskCreate
    main.o(i.main) refers to tasks.o(i.vTaskStartScheduler) for vTaskStartScheduler
    main.o(i.main) refers to main.o(.data) for StartTask_Handler
    main.o(i.main) refers to main.o(i.start_task) for start_task
    main.o(i.menu_task) refers to menu.o(i.menu) for menu
    main.o(i.menu_task) refers to tasks.o(i.vTaskGetInfo) for vTaskGetInfo
    main.o(i.menu_task) refers to oled1.o(i.A_OLED_Clear) for A_OLED_Clear
    main.o(i.menu_task) refers to tasks.o(i.vTaskResume) for vTaskResume
    main.o(i.menu_task) refers to tasks.o(i.xTaskCreate) for xTaskCreate
    main.o(i.menu_task) refers to tasks.o(i.vTaskSuspend) for vTaskSuspend
    main.o(i.menu_task) refers to main.o(.data) for menu_select_num
    main.o(i.menu_task) refers to main.o(.bss) for game1_state
    main.o(i.menu_task) refers to main.o(i.geme1_task) for geme1_task
    main.o(i.menu_task) refers to main.o(i.game2_task) for game2_task
    main.o(i.menu_task) refers to main.o(i.game3_task) for game3_task
    main.o(i.menu_task) refers to main.o(i.game4_task) for game4_task
    main.o(i.menu_task) refers to main.o(i.info_task) for info_task
    main.o(i.music0_task) refers to music.o(i.MUSIC_Analysis) for MUSIC_Analysis
    main.o(i.start_task) refers to port.o(i.vPortEnterCritical) for vPortEnterCritical
    main.o(i.start_task) refers to tasks.o(i.xTaskCreate) for xTaskCreate
    main.o(i.start_task) refers to tasks.o(i.vTaskDelete) for vTaskDelete
    main.o(i.start_task) refers to port.o(i.vPortExitCritical) for vPortExitCritical
    main.o(i.start_task) refers to main.o(.data) for menuTask_Handler
    main.o(i.start_task) refers to main.o(i.menu_task) for menu_task
    stm32f10x_it.o(i.HardFault_Handler) refers to stm32f10x_rcc.o(i.RCC_APB2PeriphClockCmd) for RCC_APB2PeriphClockCmd
    stm32f10x_it.o(i.HardFault_Handler) refers to stm32f10x_gpio.o(i.GPIO_Init) for GPIO_Init
    stm32f10x_it.o(i.HardFault_Handler) refers to stm32f10x_gpio.o(i.GPIO_SetBits) for GPIO_SetBits
    stm32f10x_it.o(i.HardFault_Handler) refers to delay_1.o(i.delay_ms) for delay_ms
    stm32f10x_it.o(i.HardFault_Handler) refers to stm32f10x_gpio.o(i.GPIO_ResetBits) for GPIO_ResetBits
    system_stm32f10x.o(i.SetSysClock) refers to system_stm32f10x.o(i.SetSysClockTo72) for SetSysClockTo72
    system_stm32f10x.o(i.SystemCoreClockUpdate) refers to system_stm32f10x.o(.data) for SystemCoreClock
    system_stm32f10x.o(i.SystemInit) refers to system_stm32f10x.o(i.SetSysClock) for SetSysClock
    led.o(i.LED_Init) refers to stm32f10x_rcc.o(i.RCC_APB2PeriphClockCmd) for RCC_APB2PeriphClockCmd
    led.o(i.LED_Init) refers to stm32f10x_gpio.o(i.GPIO_Init) for GPIO_Init
    led.o(i.LED_Init) refers to stm32f10x_gpio.o(i.GPIO_SetBits) for GPIO_SetBits
    delay.o(i.Delay_ms) refers to delay.o(i.Delay_us) for Delay_us
    delay.o(i.Delay_s) refers to delay.o(i.Delay_ms) for Delay_ms
    delay.o(i.Delay_us) refers to delay_1.o(i.delay_us) for delay_us
    key.o(i.GPIO_KeyInit) refers to stm32f10x_rcc.o(i.RCC_APB2PeriphClockCmd) for RCC_APB2PeriphClockCmd
    key.o(i.GPIO_KeyInit) refers to stm32f10x_gpio.o(i.GPIO_Init) for GPIO_Init
    key.o(i.Get_Key) refers to stm32f10x_gpio.o(i.GPIO_ReadInputDataBit) for GPIO_ReadInputDataBit
    key.o(i.Key) refers to key.o(.data) for Key_KeyNumber
    key.o(i.Key_Init) refers to key.o(i.GPIO_KeyInit) for GPIO_KeyInit
    key.o(i.Key_Init) refers to key.o(i.Timer_Init) for Timer_Init
    key.o(i.Loop_Key) refers to key.o(i.Get_Key) for Get_Key
    key.o(i.Loop_Key) refers to key.o(.data) for NowKey
    key.o(i.TIM2_IRQHandler) refers to stm32f10x_tim.o(i.TIM_GetITStatus) for TIM_GetITStatus
    key.o(i.TIM2_IRQHandler) refers to key.o(i.Loop_Key) for Loop_Key
    key.o(i.TIM2_IRQHandler) refers to stm32f10x_tim.o(i.TIM_ClearITPendingBit) for TIM_ClearITPendingBit
[...]
    __aeabi_memcpy4                          0x08000845   Thumb Code     0  rt_memcpy_w.o(.text)
    __aeabi_memcpy8                          0x08000845   Thumb Code     0  rt_memcpy_w.o(.text)
    __rt_memcpy_w                            0x08000845   Thumb Code   100  rt_memcpy_w.o(.text)
    _memcpy_lastbytes_aligned                0x0800088d   Thumb Code     0  rt_memcpy_w.o(.text)
    __aeabi_memclr                           0x080008a9   Thumb Code     0  rt_memclr.o(.text)
    __rt_memclr                              0x080008a9   Thumb Code    68  rt_memclr.o(.text)
    _memset                                  0x080008ad   Thumb Code     0  rt_memclr.o(.text)
    ferror                                   0x080008ed   Thumb Code     8  ferror.o(.text)
    __user_libspace                          0x080008f5   Thumb Code     8  libspace.o(.text)
    __user_perproc_libspace                  0x080008f5   Thumb Code     0  libspace.o(.text)
    __user_perthread_libspace                0x080008f5   Thumb Code     0  libspace.o(.text)
    __user_setup_stackheap                   0x080008fd   Thumb Code    74  sys_stackheap_outer.o(.text)
    exit                                     0x08000947   Thumb Code    18  exit.o(.text)
    A_OLED_12x24String                       0x08000959   Thumb Code    44  oled1.o(i.A_OLED_12x24String)
    A_OLED_6x12String                        0x08000985   Thumb Code    44  oled1.o(i.A_OLED_6x12String)
    A_OLED_6x8String                         0x080009b1   Thumb Code    44  oled1.o(i.A_OLED_6x8String)
    A_OLED_8x16String                        0x080009dd   Thumb Code    44  oled1.o(i.A_OLED_8x16String)
    A_OLED_Char12x24                         0x08000a09   Thumb Code   126  oled1.o(i.A_OLED_Char12x24)
    A_OLED_Char6x12                          0x08000a8d   Thumb Code   136  oled1.o(i.A_OLED_Char6x12)
    A_OLED_Char6x8                           0x08000b19   Thumb Code    96  oled1.o(i.A_OLED_Char6x8)
    A_OLED_Char8x16                          0x08000b7d   Thumb Code   130  oled1.o(i.A_OLED_Char8x16)
    A_OLED_Clear                             0x08000c05   Thumb Code    42  oled1.o(i.A_OLED_Clear)
    A_OLED_DeadAnimation                     0x08000c31   Thumb Code   244  game1.o(i.A_OLED_DeadAnimation)
    A_OLED_GPIO_Init                         0x08000d45   Thumb Code    60  oled1.o(i.A_OLED_GPIO_Init)
    A_OLED_I2C_SendByte                      0x08000d85   Thumb Code    80  oled1.o(i.A_OLED_I2C_SendByte)
    A_OLED_I2C_Start                         0x08000dd9   Thumb Code    48  oled1.o(i.A_OLED_I2C_Start)
    A_OLED_I2C_Stop                          0x08000e0d   Thumb Code    48  oled1.o(i.A_OLED_I2C_Stop)
    A_OLED_Init                              0x08000e41   Thumb Code   174  oled1.o(i.A_OLED_Init)
    A_OLED_Pow                               0x08000eef   Thumb Code    20  oled1.o(i.A_OLED_Pow)
    A_OLED_SetCursor                         0x08000f03   Thumb Code    34  oled1.o(i.A_OLED_SetCursor)
    A_OLED_ShowBMP                           0x08000f25   Thumb Code    48  oled1.o(i.A_OLED_ShowBMP)
    A_OLED_ShowChinese                       0x08000f59   Thumb Code   122  oled1.o(i.A_OLED_ShowChinese)
    A_OLED_ShowCloud                         0x08000fd9   Thumb Code   166  oled1.o(i.A_OLED_ShowCloud)
    A_OLED_ShowDainamic8x128                 0x0800108d   Thumb Code    70  oled1.o(i.A_OLED_ShowDainamic8x128)
    A_OLED_ShowDino                          0x080010dd   Thumb Code    62  oled1.o(i.A_OLED_ShowDino)
    A_OLED_ShowMenuChinese                   0x08001121   Thumb Code   122  oled1.o(i.A_OLED_ShowMenuChinese)
    A_OLED_ShowNum                           0x080011a1   Thumb Code   330  oled1.o(i.A_OLED_ShowNum)
    A_OLED_ShowString                        0x080012eb   Thumb Code   278  oled1.o(i.A_OLED_ShowString)
    A_OLED_Write_Command                     0x08001401   Thumb Code    32  oled1.o(i.A_OLED_Write_Command)
    A_OLED_Write_Data                        0x08001421   Thumb Code    32  oled1.o(i.A_OLED_Write_Data)
    B_OLED_Clear                             0x08001441   Thumb Code    36  oled2.o(i.B_OLED_Clear)
    B_OLED_ClearArea                         0x08001469   Thumb Code   140  oled2.o(i.B_OLED_ClearArea)
    B_OLED_DrawCircle                        0x080014f9   Thumb Code   352  oled2.o(i.B_OLED_DrawCircle)
    B_OLED_DrawLine                          0x08001659   Thumb Code   374  oled2.o(i.B_OLED_DrawLine)
    B_OLED_DrawPoint                         0x080017d1   Thumb Code    76  oled2.o(i.B_OLED_DrawPoint)
    B_OLED_DrawRectangle                     0x08001821   Thumb Code   142  oled2.o(i.B_OLED_DrawRectangle)
    B_OLED_I2C_SendByte                      0x080018af   Thumb Code    62  oled2.o(i.B_OLED_I2C_SendByte)
    B_OLED_I2C_Start                         0x080018ed   Thumb Code    28  oled2.o(i.B_OLED_I2C_Start)
    B_OLED_I2C_Stop                          0x08001909   Thumb Code    22  oled2.o(i.B_OLED_I2C_Stop)
    B_OLED_Pow                               0x0800191f   Thumb Code    20  oled2.o(i.B_OLED_Pow)
    B_OLED_ReverseArea                       0x08001935   Thumb Code   140  oled2.o(i.B_OLED_ReverseArea)
    B_OLED_SetCursor                         0x080019c5   Thumb Code    34  oled2.o(i.B_OLED_SetCursor)
    B_OLED_ShowChar                          0x080019e9   Thumb Code    74  oled2.o(i.B_OLED_ShowChar)
    B_OLED_ShowImage                         0x08001a3d   Thumb Code   248  oled2.o(i.B_OLED_ShowImage)
    B_OLED_ShowNum                           0x08001b39   Thumb Code    76  oled2.o(i.B_OLED_ShowNum)
    B_OLED_ShowString                        0x08001b85   Thumb Code    46  oled2.o(i.B_OLED_ShowString)
    B_OLED_Update                            0x08001bb5   Thumb Code    36  oled2.o(i.B_OLED_Update)
    B_OLED_W_SCL                             0x08001bdd   Thumb Code    18  oled2.o(i.B_OLED_W_SCL)
    B_OLED_W_SDA                             0x08001bf5   Thumb Code    18  oled2.o(i.B_OLED_W_SDA)
    B_OLED_WriteCommand                      0x08001c0d   Thumb Code    32  oled2.o(i.B_OLED_WriteCommand)
    B_OLED_WriteData                         0x08001c2d   Thumb Code    46  oled2.o(i.B_OLED_WriteData)
    BusFault_Handler                         0x08001c5b   Thumb Code     4  stm32f10x_it.o(i.BusFault_Handler)
    CHANGE_GRID_STAT_TTRIS                   0x08001c61   Thumb Code   108  game4.o(i.CHANGE_GRID_STAT_TTRIS)
    CHECK_if_Rot_Ok_TTRIS                    0x08001cd1   Thumb Code    94  game4.o(i.CHECK_if_Rot_Ok_TTRIS)
    CONTROLE_TTRIS                           0x08001d45   Thumb Code   356  game4.o(i.CONTROLE_TTRIS)
    Calcul_of_Score_TTRIS                    0x08001ed5   Thumb Code    40  game4.o(i.Calcul_of_Score_TTRIS)
    Check_NEW_RECORD                         0x08001efd   Thumb Code     2  game4.o(i.Check_NEW_RECORD)
    Check_collision_x_TTRIS                  0x08001f01   Thumb Code    70  game4.o(i.Check_collision_x_TTRIS)
    Check_collision_y_TTRIS                  0x08001f55   Thumb Code    70  game4.o(i.Check_collision_y_TTRIS)
    Clean_Grid_TTRIS                         0x08001fa9   Thumb Code   156  game4.o(i.Clean_Grid_TTRIS)
    Color_LED                                0x08002045   Thumb Code   258  game1.o(i.Color_LED)
    Color_LED_Init                           0x08002151   Thumb Code    74  game1.o(i.Color_LED_Init)
    Convert_Nb_of_line_TTRIS                 0x080021a5   Thumb Code    82  game4.o(i.Convert_Nb_of_line_TTRIS)
    DELETE_LINE_TTRIS                        0x08002201   Thumb Code   142  game4.o(i.DELETE_LINE_TTRIS)
    DebugMon_Handler                         0x08002299   Thumb Code     2  stm32f10x_it.o(i.DebugMon_Handler)
    DropPiece_TTRIS                          0x0800229d   Thumb Code   102  game4.o(i.DropPiece_TTRIS)
    END_DROP_TTRIS                           0x08002315   Thumb Code   110  game4.o(i.END_DROP_TTRIS)
    End_Play_TTRIS                           0x080023a1   Thumb Code    34  game4.o(i.End_Play_TTRIS)
    FLASH_LINE_TTRIS                         0x080023c3   Thumb Code    52  game4.o(i.FLASH_LINE_TTRIS)
    Flip_intro_TTRIS                         0x080023f7   Thumb Code    70  game4.o(i.Flip_intro_TTRIS)
    GPIO_Init                                0x0800243d   Thumb Code   278  stm32f10x_gpio.o(i.GPIO_Init)
    GPIO_KeyInit                             0x08002555   Thumb Code    98  key.o(i.GPIO_KeyInit)
    GPIO_ReadInputDataBit                    0x080025c1   Thumb Code    18  stm32f10x_gpio.o(i.GPIO_ReadInputDataBit)
    GPIO_ResetBits                           0x080025d3   Thumb Code     4  stm32f10x_gpio.o(i.GPIO_ResetBits)
    GPIO_SetBits                             0x080025d7   Thumb Code     4  stm32f10x_gpio.o(i.GPIO_SetBits)
    GPIO_WriteBit                            0x080025db   Thumb Code    10  stm32f10x_gpio.o(i.GPIO_WriteBit)
    GRID_STAT_TTRIS                          0x080025e5   Thumb Code    74  game4.o(i.GRID_STAT_TTRIS)
    Game_Play_TTRIS                          0x08002635   Thumb Code    64  game4.o(i.Game_Play_TTRIS)
    Get_Key                                  0x08002681   Thumb Code   156  key.o(i.Get_Key)
    H_grid_Scan_TTRIS                        0x08002725   Thumb Code    12  game4.o(i.H_grid_Scan_TTRIS)
    HardFault_Handler                        0x08002735   Thumb Code   108  stm32f10x_it.o(i.HardFault_Handler)
    IIC_Start                                0x080027a9   Thumb Code    48  oled12864_4.o(i.IIC_Start)
    IIC_Stop                                 0x080027dd   Thumb Code    36  oled12864_4.o(i.IIC_Stop)
    IIC_WaitAck                              0x08002805   Thumb Code    26  oled12864_4.o(i.IIC_WaitAck)
    IIC_WriteByte                            0x08002825   Thumb Code    96  oled12864_4.o(i.IIC_WriteByte)
    IIC_WriteCommand                         0x08002889   Thumb Code    44  oled12864_4.o(i.IIC_WriteCommand)
    IIC_WriteData                            0x080028b5   Thumb Code    44  oled12864_4.o(i.IIC_WriteData)
    INIT_ALL_VAR_TTRIS                       0x080028e1   Thumb Code   158  game4.o(i.INIT_ALL_VAR_TTRIS)
    INTRO_MANIFEST_TTRIS                     0x080029d1   Thumb Code   144  game4.o(i.INTRO_MANIFEST_TTRIS)
    JOY_DLY_ms                               0x08002a6d   Thumb Code    12  game4.o(i.JOY_DLY_ms)
    JOY_act_pressed                          0x08002a79   Thumb Code    18  game4.o(i.JOY_act_pressed)
    JOY_act_released                         0x08002a8b   Thumb Code    18  game4.o(i.JOY_act_released)
    JOY_down_pressed                         0x08002a9d   Thumb Code    18  game4.o(i.JOY_down_pressed)
    JOY_left_pressed                         0x08002aaf   Thumb Code    32  game4.o(i.JOY_left_pressed)
    JOY_right_pressed                        0x08002acf   Thumb Code    32  game4.o(i.JOY_right_pressed)
    Key                                      0x08002af1   Thumb Code    12  key.o(i.Key)
    Key_Init                                 0x08002b01   Thumb Code    12  key.o(i.Key_Init)
    Loop_Key                                 0x08002b0d   Thumb Code   260  key.o(i.Loop_Key)
    MUSIC_Analysis                           0x08002c1d   Thumb Code    90  music.o(i.MUSIC_Analysis)
    MemManage_Handler                        0x08002c81   Thumb Code     4  stm32f10x_it.o(i.MemManage_Handler)
    Menu                                     0x08002c85   Thumb Code  2214  game1.o(i.Menu)
    Menu1                                    0x08003531   Thumb Code   176  game1.o(i.Menu1)
    Menu2                                    0x080035f9   Thumb Code   212  game1.o(i.Menu2)
    Menu3                                    0x080036e1   Thumb Code   204  game1.o(i.Menu3)
    Menu4                                    0x080037c1   Thumb Code   252  game1.o(i.Menu4)
    Menu5                                    0x080038ed   Thumb Code   210  game1.o(i.Menu5)
    Menu6                                    0x080039dd   Thumb Code   156  game1.o(i.Menu6)
    Move_Piece_TTRIS                         0x08003a89   Thumb Code   208  game4.o(i.Move_Piece_TTRIS)
    NEXT_BLOCK_TTRIS                         0x08003b81   Thumb Code   180  game4.o(i.NEXT_BLOCK_TTRIS)
    NMI_Handler                              0x08003c3d   Thumb Code     2  stm32f10x_it.o(i.NMI_Handler)
    NVIC_Init                                0x08003c41   Thumb Code   100  misc.o(i.NVIC_Init)
    NVIC_PriorityGroupConfig                 0x08003cb1   Thumb Code    10  misc.o(i.NVIC_PriorityGroupConfig)
    OLED_SetPos                              0x08003cc5   Thumb Code    40  oled12864_4.o(i.OLED_SetPos)
    OLED_WR_Byte                             0x08003ced   Thumb Code    24  oled12864_4.o(i.OLED_WR_Byte)
    OLED_data_start                          0x08003d05   Thumb Code    28  oled12864_4.o(i.OLED_data_start)
    Ou_suis_Je_TTRIS                         0x08003d21   Thumb Code    88  game4.o(i.Ou_suis_Je_TTRIS)
    PAINT_LINE_TTRIS                         0x08003d89   Thumb Code    48  game4.o(i.PAINT_LINE_TTRIS)
    PSEUDO_RND_TTRIS                         0x08003db9   Thumb Code    28  game4.o(i.PSEUDO_RND_TTRIS)
    RCC_APB1PeriphClockCmd                   0x08003dd9   Thumb Code    26  stm32f10x_rcc.o(i.RCC_APB1PeriphClockCmd)
    RCC_APB2PeriphClockCmd                   0x08003df9   Thumb Code    26  stm32f10x_rcc.o(i.RCC_APB2PeriphClockCmd)
    RCC_GetClocksFreq                        0x08003e19   Thumb Code   192  stm32f10x_rcc.o(i.RCC_GetClocksFreq)
    RECUPE_BACKGROUND_TTRIS                  0x08003eed   Thumb Code    12  game4.o(i.RECUPE_BACKGROUND_TTRIS)
    RecupeDecalageY_TTRIS                    0x08003efd   Thumb Code    12  game4.o(i.RecupeDecalageY_TTRIS)
    RecupeLineY_TTRIS                        0x08003f09   Thumb Code     6  game4.o(i.RecupeLineY_TTRIS)
    Recupe_Start_TTRIS                       0x08003f11   Thumb Code    64  game4.o(i.Recupe_Start_TTRIS)
    Recupe_TTRIS                             0x08003f59   Thumb Code   188  game4.o(i.Recupe_TTRIS)
    Reset_Value_TTRIS                        0x0800401d   Thumb Code    16  game4.o(i.Reset_Value_TTRIS)
    SETUP_NEW_PREVIEW_PIECE_TTRIS            0x08004039   Thumb Code    32  game4.o(i.SETUP_NEW_PREVIEW_PIECE_TTRIS)
    SND_TTRIS                                0x08004061   Thumb Code     2  game4.o(i.SND_TTRIS)
    Scan_Piece_Matrix_TTRIS                  0x08004065   Thumb Code    26  game4.o(i.Scan_Piece_Matrix_TTRIS)
    Select_Piece_TTRIS                       0x08004085   Thumb Code    70  game4.o(i.Select_Piece_TTRIS)
    Show_other                               0x080041bd   Thumb Code    96  game1.o(i.Show_other)
    SplitSpriteDecalageY_TTRIS               0x08004231   Thumb Code    24  game4.o(i.SplitSpriteDecalageY_TTRIS)
    SysTick_CLKSourceConfig                  0x08004249   Thumb Code    40  misc.o(i.SysTick_CLKSourceConfig)
    SysTick_Handler                          0x08004271   Thumb Code    16  delay_1.o(i.SysTick_Handler)
    SystemInit                               0x08004281   Thumb Code    78  system_stm32f10x.o(i.SystemInit)
    TIM2_IRQHandler                          0x080042e1   Thumb Code    28  key.o(i.TIM2_IRQHandler)
    TIM_ClearFlag                            0x080042fd   Thumb Code     6  stm32f10x_tim.o(i.TIM_ClearFlag)
    TIM_ClearITPendingBit                    0x08004303   Thumb Code     6  stm32f10x_tim.o(i.TIM_ClearITPendingBit)
    TIM_Cmd                                  0x08004309   Thumb Code    24  stm32f10x_tim.o(i.TIM_Cmd)
    TIM_CtrlPWMOutputs                       0x08004321   Thumb Code    30  stm32f10x_tim.o(i.TIM_CtrlPWMOutputs)
    TIM_GetITStatus                          0x0800433f   Thumb Code    34  stm32f10x_tim.o(i.TIM_GetITStatus)
    TIM_ITConfig                             0x08004361   Thumb Code    18  stm32f10x_tim.o(i.TIM_ITConfig)
    TIM_InternalClockConfig                  0x08004373   Thumb Code    12  stm32f10x_tim.o(i.TIM_InternalClockConfig)
    TIM_OC4Init                              0x08004381   Thumb Code   114  stm32f10x_tim.o(i.TIM_OC4Init)
    TIM_OCStructInit                         0x080043fd   Thumb Code    20  stm32f10x_tim.o(i.TIM_OCStructInit)
    TIM_PrescalerConfig                      0x08004411   Thumb Code     6  stm32f10x_tim.o(i.TIM_PrescalerConfig)
    TIM_SetCompare4                          0x08004417   Thumb Code     6  stm32f10x_tim.o(i.TIM_SetCompare4)
    TIM_TimeBaseInit                         0x0800441d   Thumb Code   122  stm32f10x_tim.o(i.TIM_TimeBaseInit)
    Timer_Init                               0x080044c1   Thumb Code   126  key.o(i.Timer_Init)
    Tiny_Flip_TTRIS                          0x0800453f   Thumb Code    68  game4.o(i.Tiny_Flip_TTRIS)
    USART1_IRQHandler                        0x08004585   Thumb Code   122  usart.o(i.USART1_IRQHandler)
    USART_Cmd                                0x0800460d   Thumb Code    24  stm32f10x_usart.o(i.USART_Cmd)
    USART_GetITStatus                        0x08004625   Thumb Code    84  stm32f10x_usart.o(i.USART_GetITStatus)
    USART_ITConfig                           0x08004679   Thumb Code    74  stm32f10x_usart.o(i.USART_ITConfig)
    USART_Init                               0x080046c5   Thumb Code   210  stm32f10x_usart.o(i.USART_Init)
    USART_ReceiveData                        0x0800479d   Thumb Code    10  stm32f10x_usart.o(i.USART_ReceiveData)
    UsageFault_Handler                       0x080047a7   Thumb Code     4  stm32f10x_it.o(i.UsageFault_Handler)
    _is_digit                                0x080047ab   Thumb Code    14  __printf_wp.o(i._is_digit)
    _sys_exit                                0x080047b9   Thumb Code     4  usart.o(i._sys_exit)
    blitzSprite_TTRIS                        0x080047bd   Thumb Code   214  game4.o(i.blitzSprite_TTRIS)
    bostacle_refresh                         0x08004895   Thumb Code   166  game1.o(i.bostacle_refresh)
    clear_jump                               0x0800494d   Thumb Code    78  oled1.o(i.clear_jump)
    delay_init                               0x0800499d   Thumb Code    74  delay_1.o(i.delay_init)
    delay_ms                                 0x080049f9   Thumb Code    60  delay_1.o(i.delay_ms)
    delay_us                                 0x08004a39   Thumb Code    68  delay_1.o(i.delay_us)
    die                                      0x08004a81   Thumb Code   118  game1.o(i.die)
    dinojump                                 0x08004b19   Thumb Code   352  oled1.o(i.dinojump)
    dinorun                                  0x08004c95   Thumb Code    90  oled1.o(i.dinorun)
    draw                                     0x08004cf9   Thumb Code   274  game3.o(i.draw)
    eTaskGetState                            0x08004e29   Thumb Code   102  tasks.o(i.eTaskGetState)
    fputc                                    0x08004ec9   Thumb Code    24  usart.o(i.fputc)
    game1                                    0x08004ee5   Thumb Code   192  game1.o(i.game1)
    game2                                    0x08004fc1   Thumb Code  1920  game2.o(i.game2)
    game2_init                               0x080057c5   Thumb Code   172  game2.o(i.game2_init)
    game2_task                               0x080058ed   Thumb Code     8  main.o(i.game2_task)
    game3                                    0x080058f5   Thumb Code   692  game3.o(i.game3)
    game3_task                               0x08005be5   Thumb Code     8  main.o(i.game3_task)
    game4                                    0x08005bed   Thumb Code   304  game4.o(i.game4)
    game4_task                               0x08005d41   Thumb Code     8  main.o(i.game4_task)
    geme1_task                               0x08005d49   Thumb Code     8  main.o(i.geme1_task)
    get_button_status                        0x08005d51   Thumb Code    18  game3.o(i.get_button_status)
    get_key_status                           0x08005d63   Thumb Code     8  game2.o(i.get_key_status)
    info_task                                0x08005d6b   Thumb Code     8  main.o(i.info_task)
    infos                                    0x08005d75   Thumb Code   686  infos.o(i.infos)
    init_data                                0x080060b9   Thumb Code   134  game1.o(i.init_data)
    intro_TTRIS                              0x080061b5   Thumb Code    82  game4.o(i.intro_TTRIS)
    live                                     0x08006209   Thumb Code    88  game1.o(i.live)
    loop_dead                                0x08006275   Thumb Code   118  game1.o(i.loop_dead)
    main                                     0x08006301   Thumb Code    72  main.o(i.main)
    map                                      0x0800635d   Thumb Code    22  game4.o(i.map)
    menu                                     0x08006375   Thumb Code   820  menu.o(i.menu)
    menu_task                                0x08006739   Thumb Code   350  main.o(i.menu_task)
    music0_task                              0x08006919   Thumb Code     8  main.o(i.music0_task)
    music_PWM_Init                           0x08006921   Thumb Code   146  music_pwm.o(i.music_PWM_Init)
    music_PWM_SetCompare4                    0x080069bd   Thumb Code    14  music_pwm.o(i.music_PWM_SetCompare4)
    music_PWM_SetPSC                         0x080069d1   Thumb Code    48  music_pwm.o(i.music_PWM_SetPSC)
    obstacle                                 0x08006a09   Thumb Code   252  oled1.o(i.obstacle)
    ponovo                                   0x08006b19   Thumb Code   156  game2.o(i.ponovo)
    pvPortMalloc                             0x080077a5   Thumb Code   262  heap_4.o(i.pvPortMalloc)
    pvTaskIncrementMutexHeldCount            0x080078f9   Thumb Code    26  tasks.o(i.pvTaskIncrementMutexHeldCount)
    pxPortInitialiseStack                    0x08007919   Thumb Code    30  port.o(i.pxPortInitialiseStack)
    recupe_Chateau_TTRIS                     0x0800793d   Thumb Code    36  game4.o(i.recupe_Chateau_TTRIS)
    recupe_HIGHSCORE_TTRIS                   0x08007965   Thumb Code     8  game4.o(i.recupe_HIGHSCORE_TTRIS)
    recupe_LEVEL_TTRIS                       0x0800796d   Thumb Code   100  game4.o(i.recupe_LEVEL_TTRIS)
    recupe_Nb_of_line_TTRIS                  0x080079d9   Thumb Code   104  game4.o(i.recupe_Nb_of_line_TTRIS)
    recupe_SCORES_TTRIS                      0x08007a49   Thumb Code   752  game4.o(i.recupe_SCORES_TTRIS)
    reset_Score_TTRIS                        0x08007d41   Thumb Code    36  game4.o(i.reset_Score_TTRIS)
    rotate_Matrix_TTRIS                      0x08007d75   Thumb Code   130  game4.o(i.rotate_Matrix_TTRIS)
    start_task                               0x08007e01   Thumb Code    42  main.o(i.start_task)
    tone                                     0x08007e45   Thumb Code     2  game2.o(i.tone)
    uart_init                                0x08007e49   Thumb Code   152  usart.o(i.uart_init)
    uxListRemove                             0x08007ee9   Thumb Code    40  list.o(i.uxListRemove)
    vListInitialise                          0x08007f11   Thumb Code    26  list.o(i.vListInitialise)
    vListInitialiseItem                      0x08007f2b   Thumb Code     6  list.o(i.vListInitialiseItem)
    vListInsert                              0x08007f31   Thumb Code    52  list.o(i.vListInsert)
    vListInsertEnd                           0x08007f65   Thumb Code    24  list.o(i.vListInsertEnd)
    vPortEnterCritical                       0x08007f7d   Thumb Code    68  port.o(i.vPortEnterCritical)
    vPortExitCritical                        0x08008005   Thumb Code    48  port.o(i.vPortExitCritical)
    vPortFree                                0x08008075   Thumb Code   120  heap_4.o(i.vPortFree)
    vPortSetupTimerInterrupt                 0x0800812d   Thumb Code    26  port.o(i.vPortSetupTimerInterrupt)
    vPortValidateInterruptPriority           0x0800814d   Thumb Code    86  port.o(i.vPortValidateInterruptPriority)
    vQueueAddToRegistry                      0x080081ed   Thumb Code    38  queue.o(i.vQueueAddToRegistry)
    vQueueWaitForMessageRestricted           0x08008219   Thumb Code    74  queue.o(i.vQueueWaitForMessageRestricted)
    vTaskDelay                               0x08008265   Thumb Code    72  tasks.o(i.vTaskDelay)
    vTaskDelete                              0x080082d9   Thumb Code   192  tasks.o(i.vTaskDelete)
    vTaskGetInfo                             0x080083e5   Thumb Code   114  tasks.o(i.vTaskGetInfo)
    vTaskMissedYield                         0x0800845d   Thumb Code     8  tasks.o(i.vTaskMissedYield)
    vTaskPlaceOnEventList                    0x08008469   Thumb Code    42  tasks.o(i.vTaskPlaceOnEventList)
    vTaskPlaceOnEventListRestricted          0x080084bd   Thumb Code    50  tasks.o(i.vTaskPlaceOnEventListRestricted)
    vTaskPriorityInherit                     0x08008519   Thumb Code   164  tasks.o(i.vTaskPriorityInherit)
    vTaskResume                              0x080085c9   Thumb Code   118  tasks.o(i.vTaskResume)
    vTaskSetTimeOutState                     0x08008675   Thumb Code    32  tasks.o(i.vTaskSetTimeOutState)
    vTaskStartScheduler                      0x080086c1   Thumb Code   108  tasks.o(i.vTaskStartScheduler)
    vTaskSuspend                             0x0800876d   Thumb Code   186  tasks.o(i.vTaskSuspend)
    vTaskSuspendAll                          0x0800886d   Thumb Code    12  tasks.o(i.vTaskSuspendAll)
    vTaskSwitchContext                       0x0800887d   Thumb Code   110  tasks.o(i.vTaskSwitchContext)
    xPortStartScheduler                      0x08008925   Thumb Code   140  port.o(i.xPortStartScheduler)
    xPortSysTickHandler                      0x080089c5   Thumb Code    46  port.o(i.xPortSysTickHandler)
    xQueueGenericCreate                      0x080089f9   Thumb Code    78  queue.o(i.xQueueGenericCreate)
    xQueueGenericReceive                     0x08008a6d   Thumb Code   416  queue.o(i.xQueueGenericReceive)
    xQueueGenericReset                       0x08008c35   Thumb Code   136  queue.o(i.xQueueGenericReset)
    xQueueGenericSend                        0x08008ce5   Thumb Code   412  queue.o(i.xQueueGenericSend)
    xQueueGenericSendFromISR                 0x08008ea9   Thumb Code   234  queue.o(i.xQueueGenericSendFromISR)
    xTaskCheckForTimeOut                     0x08008fb9   Thumb Code   116  tasks.o(i.xTaskCheckForTimeOut)
    xTaskCreate                              0x08009059   Thumb Code    96  tasks.o(i.xTaskCreate)
    xTaskGetSchedulerState                   0x080090b9   Thumb Code    24  tasks.o(i.xTaskGetSchedulerState)
    xTaskGetTickCount                        0x080090d9   Thumb Code     6  tasks.o(i.xTaskGetTickCount)
    xTaskIncrementTick                       0x080090e5   Thumb Code   272  tasks.o(i.xTaskIncrementTick)
    xTaskPriorityDisinherit                  0x08009245   Thumb Code   168  tasks.o(i.xTaskPriorityDisinherit)
    xTaskRemoveFromEventList                 0x0800931d   Thumb Code   118  tasks.o(i.xTaskRemoveFromEventList)
    xTaskResumeAll                           0x080093d1   Thumb Code   214  tasks.o(i.xTaskResumeAll)
    xTimerCreateTimerTask                    0x080094f1   Thumb Code    56  timers.o(i.xTimerCreateTimerTask)
    xTimerGenericCommand                     0x08009565   Thumb Code   118  timers.o(i.xTimerGenericCommand)
    close                                    0x08009608   Data           8  game1.o(.constdata)
    asc_6x8                                  0x08009610   Data         552  oled1.o(.constdata)
    asc_6x12                                 0x08009838   Data        1140  oled1.o(.constdata)
    asc_8x16                                 0x08009cac   Data        1520  oled1.o(.constdata)
    asc_12x24                                0x0800a29c   Data        3420  oled1.o(.constdata)
    ChineseFont                              0x0800aff8   Data         320  oled1.o(.constdata)
    ChineseMenu                              0x0800b138   Data         800  oled1.o(.constdata)
    Font8x192                                0x0800b458   Data         192  oled1.o(.constdata)
    sun64x24                                 0x0800b518   Data         192  oled1.o(.constdata)
    MenuFrame16x128                          0x0800b5d8   Data         256  oled1.o(.constdata)
    Cloud                                    0x0800b6d8   Data          25  oled1.o(.constdata)
    DINO                                     0x0800b6f1   Data          64  oled1.o(.constdata)
    CACTUS_1                                 0x0800b731   Data          16  oled1.o(.constdata)
    CACTUS_2                                 0x0800b741   Data          32  oled1.o(.constdata)
    CACTUS_3                                 0x0800b761   Data          48  oled1.o(.constdata)
    CACTUS_4                                 0x0800b791   Data          48  oled1.o(.constdata)
    DINO_JUMP                                0x0800b7c1   Data         384  oled1.o(.constdata)
    Dino                                     0x0800b941   Data         448  oled1.o(.constdata)
    BMP                                      0x0800bb01   Data        8192  oled1.o(.constdata)
    dioda16                                  0x0800db01   Data          32  game2.o(.constdata)
    B_OLED_F8x16                             0x0800db21   Data        1520  oled_data2.o(.constdata)
    B_OLED_F6x8                              0x0800e111   Data         570  oled_data2.o(.constdata)
    B_OLED_CF16x16                           0x0800e34b   Data          35  oled_data2.o(.constdata)
    Diode                                    0x0800e36e   Data          32  oled_data2.o(.constdata)
    H_Grid_TTTRIS                            0x0800e38e   Data          39  game4.o(.constdata)
    Pieces_TTRIS1                            0x0800e3b5   Data          35  game4.o(.constdata)
    tiny_PREVIEW_block_TTTRIS                0x0800e3d8   Data           4  game4.o(.constdata)
    tinyblock_TTTRIS                         0x0800e3dc   Data           5  game4.o(.constdata)
    tinyblock2_TTTRIS                        0x0800e3e1   Data           5  game4.o(.constdata)
    police_TTRIS                             0x0800e3e6   Data          42  game4.o(.constdata)
    start_button_1_TTRIS                     0x0800e410   Data          32  game4.o(.constdata)
    start_button_2_TTRIS                     0x0800e430   Data          32  game4.o(.constdata)
    chateau_TTRIS                            0x0800e450   Data         288  game4.o(.constdata)
    BACKGROUND_TTRIS                         0x0800e570   Data        1024  game4.o(.constdata)
    Region$$Table$$Base                      0x0800e984   Number         0  anon$$obj.o(Region$$Table)
    Region$$Table$$Limit                     0x0800e9a4   Number         0  anon$$obj.o(Region$$Table)
    StartTask_Handler                        0x20000000   Data           4  main.o(.data)
    menuTask_Handler                         0x20000004   Data           4  main.o(.data)
    MUSIC0Task_Handler                       0x20000008   Data           4  main.o(.data)
    game1_Handler                            0x2000000c   Data           4  main.o(.data)
    game2_Handler                            0x20000010   Data           4  main.o(.data)
    game3_Handler                            0x20000014   Data           4  main.o(.data)
    game4_Handler                            0x20000018   Data           4  main.o(.data)
    info_Handler                             0x2000001c   Data           4  main.o(.data)
    menu_select_num                          0x20000020   Data           4  main.o(.data)
    SystemCoreClock                          0x20000024   Data           4  system_stm32f10x.o(.data)
    AHBPrescTable                            0x20000028   Data          16  system_stm32f10x.o(.data)
    Key_KeyNumber                            0x20000038   Data           1  key.o(.data)
    Tone_Index                               0x2000003c   Data          48  music.o(.data)
    Music_Two_Tigers                         0x2000006c   Data         234  music.o(.data)
    Music_Lone_Brave                         0x20000156   Data        3942  music.o(.data)
    __stdout                                 0x200010c0   Data           4  usart.o(.data)
    USART_RX_STA                             0x200010c4   Data           2  usart.o(.data)
    pxCurrentTCB                             0x200010dc   Data           4  tasks.o(.data)
    obstacle_pos                             0x20001150   Data           2  game1.o(.data)
    Hs                                       0x20001152   Data           2  game1.o(.data)
    score                                    0x20001154   Data           2  game1.o(.data)
    obstacle_ran                             0x20001156   Data           2  game1.o(.data)
    height                                   0x20001158   Data           2  game1.o(.data)
    Menufalg                                 0x2000115a   Data           1  game1.o(.data)
    MenuSelect                               0x2000115b   Data           1  game1.o(.data)
    MenuShow                                 0x2000115c   Data           1  game1.o(.data)
    reset                                    0x2000115d   Data           1  game1.o(.data)
    obstacle_length                          0x2000115e   Data           1  game1.o(.data)
    bmpflag                                  0x2000115f   Data           1  game1.o(.data)
    playflag                                 0x20001160   Data           1  game1.o(.data)
    menuclear                                0x20001161   Data           1  game1.o(.data)
    ClearF                                   0x20001162   Data           1  game1.o(.data)
    beingspeed                               0x20001163   Data           1  game1.o(.data)
    mode                                     0x20001164   Data           1  game1.o(.data)
    Key4                                     0x20001165   Data           1  game1.o(.data)
    speedmax                                 0x20001166   Data           1  game1.o(.data)
    FMQswitch                                0x20001167   Data           1  game1.o(.data)
    LEDswitch                                0x20001168   Data           1  game1.o(.data)
    KeyNum                                   0x20001169   Data           1  game1.o(.data)
    t                                        0x2000116a   Data           1  game1.o(.data)
    roll                                     0x2000116b   Data           1  game1.o(.data)
    Speed                                    0x2000116c   Data           1  game1.o(.data)
    deadflag                                 0x2000116d   Data           1  game1.o(.data)
    begingtemp                               0x2000116e   Data           1  game1.o(.data)
    hard_val                                 0x2000116f   Data           1  game1.o(.data)
    speedtep                                 0x20001170   Data           1  game1.o(.data)
    Settlement                               0x20001171   Data           1  game1.o(.data)
    led_cnt                                  0x20001174   Data           4  game1.o(.data)
    led_val                                  0x20001178   Data           4  game1.o(.data)
    metx                                     0x2000118c   Data           4  game2.o(.data)
    mety                                     0x20001190   Data           4  game2.o(.data)
    postoji                                  0x20001194   Data           4  game2.o(.data)
    nep                                      0x20001198   Data           4  game2.o(.data)
    smjer                                    0x2000119c   Data           4  game2.o(.data)
    go                                       0x200011a0   Data           4  game2.o(.data)
    rx                                       0x200011a4   Data           4  game2.o(.data)
    ry                                       0x200011a8   Data           4  game2.o(.data)
    rx2                                      0x200011ac   Data           4  game2.o(.data)
    ry2                                      0x200011b0   Data           4  game2.o(.data)
    rx3                                      0x200011b4   Data           4  game2.o(.data)
    ry3                                      0x200011b8   Data           4  game2.o(.data)
    bodovi                                   0x200011bc   Data           4  game2.o(.data)
    brzina                                   0x200011c0   Data           4  game2.o(.data)
    bkugle                                   0x200011c4   Data           4  game2.o(.data)
    najmanja                                 0x200011c8   Data           4  game2.o(.data)
    najveca                                  0x200011cc   Data           4  game2.o(.data)
    promjer                                  0x200011d0   Data           4  game2.o(.data)
    rx4                                      0x200011d4   Data           4  game2.o(.data)
    ry4                                      0x200011d8   Data           4  game2.o(.data)
    zivoti                                   0x200011dc   Data           4  game2.o(.data)
    poc                                      0x200011e0   Data           4  game2.o(.data)
    ispaljeno                                0x200011e4   Data           4  game2.o(.data)
    nivo                                     0x200011e8   Data           4  game2.o(.data)
    centar                                   0x200011ec   Data           4  game2.o(.data)
    key_num                                  0x200011f0   Data           1  game2.o(.data)
    pocetno                                  0x200011f4   Data           4  game2.o(.data)
    odabrano                                 0x200011f8   Data           4  game2.o(.data)
    trenutno                                 0x200011fc   Data           4  game2.o(.data)
    nivovrije                                0x20001200   Data           4  game2.o(.data)
    poz                                      0x20001204   Data           4  game2.o(.data)
    B_OLED_DisplayBuf                        0x20001208   Data        1024  oled2.o(.data)
    select                                   0x20001608   Data           4  menu.o(.data)
    menu_key_num                             0x2000160c   Data           4  menu.o(.data)
    x1                                       0x20001610   Data           4  game3.o(.data)
    y1                                       0x20001614   Data           4  game3.o(.data)
    x2                                       0x20001618   Data           4  game3.o(.data)
    y2                                       0x2000161c   Data           4  game3.o(.data)
    bs                                       0x20001620   Data           4  game3.o(.data)
    bird_y                                   0x20001624   Data           4  game3.o(.data)
    game3_score                              0x20001628   Data           4  game3.o(.data)
    cover                                    0x2000162c   Data        1024  game3.o(.data)
    game_over                                0x20001a2c   Data         512  game3.o(.data)
    image                                    0x20001c2c   Data         180  game3.o(.data)
    bird                                     0x20001ce0   Data          11  game3.o(.data)
    MEM_TTTRIS                               0x20001cec   Data          16  game4.o(.data)
    Level_TTRIS                              0x20001cfc   Data           1  game4.o(.data)
    Scores_TTRIS                             0x20001d00   Data           4  game4.o(.data)
    Nb_of_line_F_TTRIS                       0x20001d04   Data           4  game4.o(.data)
    Level_Speed_ADJ_TTRIS                    0x20001d08   Data           1  game4.o(.data)
    Nb_of_line_TTRIS                         0x20001d09   Data           3  game4.o(.data)
    RND_VAR_TTRIS                            0x20001d0c   Data           1  game4.o(.data)
    LONG_PRESS_X_TTRIS                       0x20001d0d   Data           1  game4.o(.data)
    DOWN_DESACTIVE_TTRIS                     0x20001d0e   Data           1  game4.o(.data)
    DROP_SPEED_TTRIS                         0x20001d0f   Data           1  game4.o(.data)
    SPEED_x_trig_TTRIS                       0x20001d10   Data           1  game4.o(.data)
    DROP_TRIG_TTRIS                          0x20001d11   Data           1  game4.o(.data)
    xx_TTRIS                                 0x20001d14   Data           4  game4.o(.data)
    yy_TTRIS                                 0x20001d18   Data           4  game4.o(.data)
    Ripple_filter_TTRIS                      0x20001d1c   Data           1  game4.o(.data)
    PIECEs_TTRIS                             0x20001d1d   Data           1  game4.o(.data)
    PIECEs_TTRIS_PREVIEW                     0x20001d1e   Data           1  game4.o(.data)
    PIECEs_rot_TTRIS                         0x20001d1f   Data           1  game4.o(.data)
    DROP_BREAK_TTRIS                         0x20001d20   Data           1  game4.o(.data)
    OU_SUIS_JE_X_TTRIS                       0x20001d24   Data           4  game4.o(.data)
    OU_SUIS_JE_Y_TTRIS                       0x20001d28   Data           4  game4.o(.data)
    OU_SUIS_JE_X_ENGAGED_TTRIS               0x20001d2c   Data           1  game4.o(.data)
    OU_SUIS_JE_Y_ENGAGED_TTRIS               0x20001d2d   Data           1  game4.o(.data)
    DEPLACEMENT_XX_TTRIS                     0x20001d30   Data           4  game4.o(.data)
    DEPLACEMENT_YY_TTRIS                     0x20001d34   Data           4  game4.o(.data)
    game1_state                              0x20001d38   Data          36  main.o(.bss)
    game2_state                              0x20001d5c   Data          36  main.o(.bss)
    game3_state                              0x20001d80   Data          36  main.o(.bss)
    game4_state                              0x20001da4   Data          36  main.o(.bss)
    info_state                               0x20001dc8   Data          36  main.o(.bss)
    USART_RX_BUF                             0x20001dec   Data         200  usart.o(.bss)
    xQueueRegistry                           0x20001eb4   Data          64  queue.o(.bss)
    text_menu                                0x20003e00   Data          30  menu.o(.bss)
    Grid_TTRIS                               0x20003e1e   Data          36  game4.o(.bss)
    Piece_Mat2_TTRIS                         0x20003e42   Data          25  game4.o(.bss)
    text                                     0x20003e5b   Data          30  infos.o(.bss)
    _random_number_data                      0x20003e7c   Data         228  rand.o(.bss)
    __libspace_start                         0x20003f60   Data          96  libspace.o(.bss)
    __temporary_stack_top$libspace           0x20003fc0   Data           0  libspace.o(.bss)



==============================================================================

Memory Map of the image

  Image Entry point : 0x080002b1

  Load Region LR_1 (Base: 0x08000000, Size: 0x000106dc, Max: 0xffffffff, ABSOLUTE, COMPRESSED[0x0000f140])

    Execution Region ER_RO (Exec base: 0x08000000, Load base: 0x08000000, Size: 0x0000e9a4, Max: 0xffffffff, ABSOLUTE)

    Exec Addr    Load Addr    Size         Type   Attr      Idx    E Section Name        Object

    0x08000000   0x08000000   0x000000ec   Data   RO          730    RESET               startup_stm32f10x_md.o
    0x080000ec   0x080000ec   0x00000008   Code   RO         4298  * !!!main             c_w.l(__main.o)
    0x080000f4   0x080000f4   0x00000034   Code   RO         4706    !!!scatter          c_w.l(__scatter.o)
    0x08000128   0x08000128   0x00000064   Code   RO         4704    !!dclz77c           c_w.l(__dclz77c.o)
    0x0800018c   0x0800018c   0x0000001c   Code   RO         4708    !!handler_zi        c_w.l(__scatter_zi.o)
    0x080001a8   0x080001a8   0x00000000   Code   RO         4278    .ARM.Collect$$_printf_percent$$00000000  c_w.l(_printf_percent.o)
    0x080001a8   0x080001a8   0x00000006   Code   RO         4276    .ARM.Collect$$_printf_percent$$00000009  c_w.l(_printf_d.o)
    0x080001ae   0x080001ae   0x00000006   Code   RO         4275    .ARM.Collect$$_printf_percent$$00000014  c_w.l(_printf_s.o)
    0x080001b4   0x080001b4   0x00000004   Code   RO         4416    .ARM.Collect$$_printf_percent$$00000017  c_w.l(_printf_percent_end.o)
    0x080001b8   0x080001b8   0x00000002   Code   RO         4623    .ARM.Collect$$libinit$$00000000  c_w.l(libinit.o)
    0x080001ba   0x080001ba   0x00000000   Code   RO         4431    .ARM.Collect$$libinit$$00000002  c_w.l(libinit2.o)
    0x080001ba   0x080001ba   0x00000000   Code   RO         4433    .ARM.Collect$$libinit$$00000004  c_w.l(libinit2.o)
    0x080001ba   0x080001ba   0x00000000   Code   RO         4436    .ARM.Collect$$libinit$$0000000A  c_w.l(libinit2.o)
    0x080001ba   0x080001ba   0x00000000   Code   RO         4438    .ARM.Collect$$libinit$$0000000C  c_w.l(libinit2.o)
    0x080001ba   0x080001ba   0x00000004   Code   RO         4439    .ARM.Collect$$libinit$$0000000D  c_w.l(libinit2.o)
    0x080001be   0x080001be   0x00000000   Code   RO         4440    .ARM.Collect$$libinit$$0000000E  c_w.l(libinit2.o)
    0x080001be   0x080001be   0x00000000   Code   RO         4443    .ARM.Collect$$libinit$$00000011  c_w.l(libinit2.o)
    0x080001be   0x080001be   0x00000000   Code   RO         4445    .ARM.Collect$$libinit$$00000013  c_w.l(libinit2.o)
    0x080001be   0x080001be   0x00000000   Code   RO         4447    .ARM.Collect$$libinit$$00000015  c_w.l(libinit2.o)
    0x080001be   0x080001be   0x00000000   Code   RO         4449    .ARM.Collect$$libinit$$00000017  c_w.l(libinit2.o)
    0x080001be   0x080001be   0x00000000   Code   RO         4451    .ARM.Collect$$libinit$$00000019  c_w.l(libinit2.o)
    0x080001be   0x080001be   0x00000000   Code   RO         4453    .ARM.Collect$$libinit$$0000001B  c_w.l(libinit2.o)
    0x080001be   0x080001be   0x00000000   Code   RO         4455    .ARM.Collect$$libinit$$0000001D  c_w.l(libinit2.o)
    0x080001be   0x080001be   0x00000000   Code   RO         4457    .ARM.Collect$$libinit$$0000001F  c_w.l(libinit2.o)
    0x080001be   0x080001be   0x00000000   Code   RO         4459    .ARM.Collect$$libinit$$00000021  c_w.l(libinit2.o)
    0x080001be   0x080001be   0x00000000   Code   RO         4461    .ARM.Collect$$libinit$$00000023  c_w.l(libinit2.o)
    0x080001be   0x080001be   0x00000000   Code   RO         4463    .ARM.Collect$$libinit$$00000025  c_w.l(libinit2.o)
    0x080001be   0x080001be   0x00000000   Code   RO         4467    .ARM.Collect$$libinit$$0000002C  c_w.l(libinit2.o)
    0x080001be   0x080001be   0x00000000   Code   RO         4469    .ARM.Collect$$libinit$$0000002E  c_w.l(libinit2.o)
    0x080001be   0x080001be   0x00000000   Code   RO         4471    .ARM.Collect$$libinit$$00000030  c_w.l(libinit2.o)
    0x080001be   0x080001be   0x00000000   Code   RO         4473    .ARM.Collect$$libinit$$00000032  c_w.l(libinit2.o)
    0x080001be   0x080001be   0x00000002   Code   RO         4474    .ARM.Collect$$libinit$$00000033  c_w.l(libinit2.o)
    0x080001c0   0x080001c0   0x00000002   Code   RO         4665    .ARM.Collect$$libshutdown$$00000000  c_w.l(libshutdown.o)
    0x080001c2   0x080001c2   0x00000000   Code   RO         4671    .ARM.Collect$$libshutdown$$00000002  c_w.l(libshutdown2.o)
    0x080001c2   0x080001c2   0x00000000   Code   RO         4673    .ARM.Collect$$libshutdown$$00000004  c_w.l(libshutdown2.o)
    0x080001c2   0x080001c2   0x00000000   Code   RO         4676    .ARM.Collect$$libshutdown$$00000007  c_w.l(libshutdown2.o)
    0x080001c2   0x080001c2   0x00000000   Code   RO         4679    .ARM.Collect$$libshutdown$$0000000A  c_w.l(libshutdown2.o)
    0x080001c2   0x080001c2   0x00000000   Code   RO         4681    .ARM.Collect$$libshutdown$$0000000C  c_w.l(libshutdown2.o)
    0x080001c2   0x080001c2   0x00000000   Code   RO         4684    .ARM.Collect$$libshutdown$$0000000F  c_w.l(libshutdown2.o)
    0x080001c2   0x080001c2   0x00000002   Code   RO         4685    .ARM.Collect$$libshutdown$$00000010  c_w.l(libshutdown2.o)
    0x080001c4   0x080001c4   0x00000000   Code   RO         4358    .ARM.Collect$$rtentry$$00000000  c_w.l(__rtentry.o)
    0x080001c4   0x080001c4   0x00000000   Code   RO         4524    .ARM.Collect$$rtentry$$00000002  c_w.l(__rtentry2.o)
    0x080001c4   0x080001c4   0x00000006   Code   RO         4536    .ARM.Collect$$rtentry$$00000004  c_w.l(__rtentry4.o)
    0x080001ca   0x080001ca   0x00000000   Code   RO         4526    .ARM.Collect$$rtentry$$00000009  c_w.l(__rtentry2.o)
    0x080001ca   0x080001ca   0x00000004   Code   RO         4527    .ARM.Collect$$rtentry$$0000000A  c_w.l(__rtentry2.o)
    0x080001ce   0x080001ce   0x00000000   Code   RO         4529    .ARM.Collect$$rtentry$$0000000C  c_w.l(__rtentry2.o)
    0x080001ce   0x080001ce   0x00000008   Code   RO         4530    .ARM.Collect$$rtentry$$0000000D  c_w.l(__rtentry2.o)
    0x080001d6   0x080001d6   0x00000002   Code   RO         4630    .ARM.Collect$$rtexit$$00000000  c_w.l(rtexit.o)
    0x080001d8   0x080001d8   0x00000000   Code   RO         4645    .ARM.Collect$$rtexit$$00000002  c_w.l(rtexit2.o)
    0x080001d8   0x080001d8   0x00000004   Code   RO         4646    .ARM.Collect$$rtexit$$00000003  c_w.l(rtexit2.o)
    0x080001dc   0x080001dc   0x00000006   Code   RO         4647    .ARM.Collect$$rtexit$$00000004  c_w.l(rtexit2.o)
    0x080001e2   0x080001e2   0x00000002   PAD
    0x080001e4   0x080001e4   0x00000096   Code   RO         2723    .emb_text           port.o
    0x0800027a   0x0800027a   0x00000002   PAD
    0x0800027c   0x0800027c   0x00000034   Code   RO         4279    .emb_text           c_w.l(rand.o)
    0x080002b0   0x080002b0   0x00000040   Code   RO          731  * .text               startup_stm32f10x_md.o
    0x080002f0   0x080002f0   0x00000002   Code   RO         4234    .text               c_w.l(use_no_semi_2.o)
    0x080002f2   0x080002f2   0x00000002   PAD
    0x080002f4   0x080002f4   0x00000018   Code   RO         4238    .text               c_w.l(__2printf.o)
    0x0800030c   0x0800030c   0x0000002c   Code   RO         4240    .text               c_w.l(__2sprintf.o)
    0x08000338   0x08000338   0x0000004e   Code   RO         4248    .text               c_w.l(_printf_pad.o)
    0x08000386   0x08000386   0x00000052   Code   RO         4250    .text               c_w.l(_printf_str.o)
    0x080003d8   0x080003d8   0x00000078   Code   RO         4252    .text               c_w.l(_printf_dec.o)
    0x08000450   0x08000450   0x00000188   Code   RO         4271    .text               c_w.l(__printf_flags_ss_wp.o)
    0x080005d8   0x080005d8   0x0000003c   Code   RO         4280    .text               c_w.l(rand.o)
    0x08000614   0x08000614   0x0000008a   Code   RO         4288    .text               c_w.l(rt_memcpy_v6.o)
    0x0800069e   0x0800069e   0x00000010   Code   RO         4290    .text               c_w.l(aeabi_memset.o)
    0x080006ae   0x080006ae   0x0000004e   Code   RO         4292    .text               c_w.l(rt_memclr_w.o)
    0x080006fc   0x080006fc   0x00000006   Code   RO         4296    .text               c_w.l(heapauxi.o)
    0x08000702   0x08000702   0x00000002   Code   RO         4356    .text               c_w.l(use_no_semi.o)
    0x08000704   0x08000704   0x000000b2   Code   RO         4363    .text               c_w.l(_printf_intcommon.o)
    0x080007b6   0x080007b6   0x00000002   PAD
    0x080007b8   0x080007b8   0x00000030   Code   RO         4367    .text               c_w.l(_printf_char_common.o)
    0x080007e8   0x080007e8   0x0000000a   Code   RO         4369    .text               c_w.l(_sputc.o)
    0x080007f2   0x080007f2   0x0000002c   Code   RO         4371    .text               c_w.l(_printf_char.o)
    0x0800081e   0x0800081e   0x00000002   PAD
    0x08000820   0x08000820   0x00000024   Code   RO         4373    .text               c_w.l(_printf_char_file.o)
    0x08000844   0x08000844   0x00000064   Code   RO         4426    .text               c_w.l(rt_memcpy_w.o)
    0x080008a8   0x080008a8   0x00000044   Code   RO         4428    .text               c_w.l(rt_memclr.o)
    0x080008ec   0x080008ec   0x00000008   Code   RO         4554    .text               c_w.l(ferror.o)
    0x080008f4   0x080008f4   0x00000008   Code   RO         4570    .text               c_w.l(libspace.o)
    0x080008fc   0x080008fc   0x0000004a   Code   RO         4573    .text               c_w.l(sys_stackheap_outer.o)
    0x08000946   0x08000946   0x00000012   Code   RO         4612    .text               c_w.l(exit.o)
    0x08000958   0x08000958   0x0000002c   Code   RO         3115    i.A_OLED_12x24String  oled1.o
    0x08000984   0x08000984   0x0000002c   Code   RO         3116    i.A_OLED_6x12String  oled1.o
    0x080009b0   0x080009b0   0x0000002c   Code   RO         3117    i.A_OLED_6x8String  oled1.o
    0x080009dc   0x080009dc   0x0000002c   Code   RO         3118    i.A_OLED_8x16String  oled1.o
    0x08000a08   0x08000a08   0x00000084   Code   RO         3119    i.A_OLED_Char12x24  oled1.o
    0x08000a8c   0x08000a8c   0x0000008c   Code   RO         3120    i.A_OLED_Char6x12   oled1.o
    0x08000b18   0x08000b18   0x00000064   Code   RO         3121    i.A_OLED_Char6x8    oled1.o
    0x08000b7c   0x08000b7c   0x00000088   Code   RO         3122    i.A_OLED_Char8x16   oled1.o
    0x08000c04   0x08000c04   0x0000002a   Code   RO         3123    i.A_OLED_Clear      oled1.o
    0x08000c2e   0x08000c2e   0x00000002   PAD
    0x08000c30   0x08000c30   0x00000114   Code   RO         2849    i.A_OLED_DeadAnimation  game1.o
    0x08000d44   0x08000d44   0x00000040   Code   RO         3125    i.A_OLED_GPIO_Init  oled1.o
    0x08000d84   0x08000d84   0x00000054   Code   RO         3126    i.A_OLED_I2C_SendByte  oled1.o
    0x08000dd8   0x08000dd8   0x00000034   Code   RO         3127    i.A_OLED_I2C_Start  oled1.o
    0x08000e0c   0x08000e0c   0x00000034   Code   RO         3128    i.A_OLED_I2C_Stop   oled1.o
    0x08000e40   0x08000e40   0x000000ae   Code   RO         3129    i.A_OLED_Init       oled1.o
    0x08000eee   0x08000eee   0x00000014   Code   RO         3132    i.A_OLED_Pow        oled1.o
    0x08000f02   0x08000f02   0x00000022   Code   RO         3133    i.A_OLED_SetCursor  oled1.o
    0x08000f24   0x08000f24   0x00000034   Code   RO         3134    i.A_OLED_ShowBMP    oled1.o
    0x08000f58   0x08000f58   0x00000080   Code   RO         3135    i.A_OLED_ShowChinese  oled1.o
    0x08000fd8   0x08000fd8   0x000000b4   Code   RO         3136    i.A_OLED_ShowCloud  oled1.o
    0x0800108c   0x0800108c   0x00000050   Code   RO         3137    i.A_OLED_ShowDainamic8x128  oled1.o
    0x080010dc   0x080010dc   0x00000044   Code   RO         3138    i.A_OLED_ShowDino   oled1.o
    0x08001120   0x08001120   0x00000080   Code   RO         3139    i.A_OLED_ShowMenuChinese  oled1.o
    0x080011a0   0x080011a0   0x0000014a   Code   RO         3140    i.A_OLED_ShowNum    oled1.o
    0x080012ea   0x080012ea   0x00000116   Code   RO         3142    i.A_OLED_ShowString  oled1.o
    0x08001400   0x08001400   0x00000020   Code   RO         3143    i.A_OLED_Write_Command  oled1.o
    0x08001420   0x08001420   0x00000020   Code   RO         3144    i.A_OLED_Write_Data  oled1.o
    0x08001440   0x08001440   0x00000028   Code   RO         3395    i.B_OLED_Clear      oled2.o
    0x08001468   0x08001468   0x00000090   Code   RO         3396    i.B_OLED_ClearArea  oled2.o
    0x080014f8   0x080014f8   0x00000160   Code   RO         3398    i.B_OLED_DrawCircle  oled2.o
    0x08001658   0x08001658   0x00000176   Code   RO         3400    i.B_OLED_DrawLine   oled2.o
    0x080017ce   0x080017ce   0x00000002   PAD
    0x080017d0   0x080017d0   0x00000050   Code   RO         3401    i.B_OLED_DrawPoint  oled2.o
    0x08001820   0x08001820   0x0000008e   Code   RO         3402    i.B_OLED_DrawRectangle  oled2.o
    0x080018ae   0x080018ae   0x0000003e   Code   RO         3406    i.B_OLED_I2C_SendByte  oled2.o
    0x080018ec   0x080018ec   0x0000001c   Code   RO         3407    i.B_OLED_I2C_Start  oled2.o
    0x08001908   0x08001908   0x00000016   Code   RO         3408    i.B_OLED_I2C_Stop   oled2.o
    0x0800191e   0x0800191e   0x00000014   Code   RO         3411    i.B_OLED_Pow        oled2.o
    0x08001932   0x08001932   0x00000002   PAD
    0x08001934   0x08001934   0x00000090   Code   RO         3414    i.B_OLED_ReverseArea  oled2.o
    0x080019c4   0x080019c4   0x00000022   Code   RO         3415    i.B_OLED_SetCursor  oled2.o
    0x080019e6   0x080019e6   0x00000002   PAD
    0x080019e8   0x080019e8   0x00000054   Code   RO         3417    i.B_OLED_ShowChar   oled2.o
    0x08001a3c   0x08001a3c   0x000000fc   Code   RO         3421    i.B_OLED_ShowImage  oled2.o
    0x08001b38   0x08001b38   0x0000004c   Code   RO         3422    i.B_OLED_ShowNum    oled2.o
    0x08001b84   0x08001b84   0x0000002e   Code   RO         3424    i.B_OLED_ShowString  oled2.o
    0x08001bb2   0x08001bb2   0x00000002   PAD
    0x08001bb4   0x08001bb4   0x00000028   Code   RO         3425    i.B_OLED_Update     oled2.o
    0x08001bdc   0x08001bdc   0x00000018   Code   RO         3427    i.B_OLED_W_SCL      oled2.o
    0x08001bf4   0x08001bf4   0x00000018   Code   RO         3428    i.B_OLED_W_SDA      oled2.o
    0x08001c0c   0x08001c0c   0x00000020   Code   RO         3429    i.B_OLED_WriteCommand  oled2.o
    0x08001c2c   0x08001c2c   0x0000002e   Code   RO         3430    i.B_OLED_WriteData  oled2.o
    0x08001c5a   0x08001c5a   0x00000004   Code   RO          228    i.BusFault_Handler  stm32f10x_it.o
    0x08001c5e   0x08001c5e   0x00000002   PAD
    0x08001c60   0x08001c60   0x00000070   Code   RO         3711    i.CHANGE_GRID_STAT_TTRIS  game4.o
    0x08001cd0   0x08001cd0   0x00000074   Code   RO         3712    i.CHECK_if_Rot_Ok_TTRIS  game4.o
    0x08001d44   0x08001d44   0x00000190   Code   RO         3713    i.CONTROLE_TTRIS    game4.o
    0x08001ed4   0x08001ed4   0x00000028   Code   RO         3714    i.Calcul_of_Score_TTRIS  game4.o
    0x08001efc   0x08001efc   0x00000002   Code   RO         3715    i.Check_NEW_RECORD  game4.o
    0x08001efe   0x08001efe   0x00000002   PAD
    0x08001f00   0x08001f00   0x00000054   Code   RO         3716    i.Check_collision_x_TTRIS  game4.o
    0x08001f54   0x08001f54   0x00000054   Code   RO         3717    i.Check_collision_y_TTRIS  game4.o
    0x08001fa8   0x08001fa8   0x0000009c   Code   RO         3718    i.Clean_Grid_TTRIS  game4.o
    0x08002044   0x08002044   0x0000010c   Code   RO         2852    i.Color_LED         game1.o
    0x08002150   0x08002150   0x00000054   Code   RO         2853    i.Color_LED_Init    game1.o
    0x080021a4   0x080021a4   0x0000005c   Code   RO         3719    i.Convert_Nb_of_line_TTRIS  game4.o
    0x08002200   0x08002200   0x00000098   Code   RO         3720    i.DELETE_LINE_TTRIS  game4.o
    0x08002298   0x08002298   0x00000002   Code   RO          229    i.DebugMon_Handler  stm32f10x_it.o
    0x0800229a   0x0800229a   0x00000002   PAD
    0x0800229c   0x0800229c   0x00000078   Code   RO         3721    i.DropPiece_TTRIS   game4.o
    0x08002314   0x08002314   0x0000008c   Code   RO         3722    i.END_DROP_TTRIS    game4.o
    0x080023a0   0x080023a0   0x00000022   Code   RO         3723    i.End_Play_TTRIS    game4.o
    0x080023c2   0x080023c2   0x00000034   Code   RO         3724    i.FLASH_LINE_TTRIS  game4.o
    0x080023f6   0x080023f6   0x00000046   Code   RO         3725    i.Flip_intro_TTRIS  game4.o
    0x0800243c   0x0800243c   0x00000116   Code   RO          777    i.GPIO_Init         stm32f10x_gpio.o
    0x08002552   0x08002552   0x00000002   PAD
    0x08002554   0x08002554   0x0000006c   Code   RO          464    i.GPIO_KeyInit      key.o
    0x080025c0   0x080025c0   0x00000012   Code   RO          781    i.GPIO_ReadInputDataBit  stm32f10x_gpio.o
    0x080025d2   0x080025d2   0x00000004   Code   RO          784    i.GPIO_ResetBits    stm32f10x_gpio.o
    0x080025d6   0x080025d6   0x00000004   Code   RO          785    i.GPIO_SetBits      stm32f10x_gpio.o
    0x080025da   0x080025da   0x0000000a   Code   RO          788    i.GPIO_WriteBit     stm32f10x_gpio.o
    0x080025e4   0x080025e4   0x00000050   Code   RO         3726    i.GRID_STAT_TTRIS   game4.o
    0x08002634   0x08002634   0x0000004c   Code   RO         3727    i.Game_Play_TTRIS   game4.o
    0x08002680   0x08002680   0x000000a4   Code   RO          465    i.Get_Key           key.o
    0x08002724   0x08002724   0x00000010   Code   RO         3728    i.H_grid_Scan_TTRIS  game4.o
    0x08002734   0x08002734   0x00000074   Code   RO          230    i.HardFault_Handler  stm32f10x_it.o
    0x080027a8   0x080027a8   0x00000034   Code   RO         4071    i.IIC_Start         oled12864_4.o
    0x080027dc   0x080027dc   0x00000028   Code   RO         4072    i.IIC_Stop          oled12864_4.o
    0x08002804   0x08002804   0x00000020   Code   RO         4073    i.IIC_WaitAck       oled12864_4.o
    0x08002824   0x08002824   0x00000064   Code   RO         4074    i.IIC_WriteByte     oled12864_4.o
    0x08002888   0x08002888   0x0000002c   Code   RO         4075    i.IIC_WriteCommand  oled12864_4.o
    0x080028b4   0x080028b4   0x0000002c   Code   RO         4076    i.IIC_WriteData     oled12864_4.o
    0x080028e0   0x080028e0   0x000000f0   Code   RO         3729    i.INIT_ALL_VAR_TTRIS  game4.o
    0x080029d0   0x080029d0   0x0000009c   Code   RO         3730    i.INTRO_MANIFEST_TTRIS  game4.o
    0x08002a6c   0x08002a6c   0x0000000c   Code   RO         3731    i.JOY_DLY_ms        game4.o
    0x08002a78   0x08002a78   0x00000012   Code   RO         3732    i.JOY_act_pressed   game4.o
    0x08002a8a   0x08002a8a   0x00000012   Code   RO         3733    i.JOY_act_released  game4.o
    0x08002a9c   0x08002a9c   0x00000012   Code   RO         3734    i.JOY_down_pressed  game4.o
    0x08002aae   0x08002aae   0x00000020   Code   RO         3735    i.JOY_left_pressed  game4.o
    0x08002ace   0x08002ace   0x00000020   Code   RO         3736    i.JOY_right_pressed  game4.o
    0x08002aee   0x08002aee   0x00000002   PAD
    0x08002af0   0x08002af0   0x00000010   Code   RO          466    i.Key               key.o
    0x08002b00   0x08002b00   0x0000000c   Code   RO          467    i.Key_Init          key.o
    0x08002b0c   0x08002b0c   0x00000110   Code   RO          468    i.Loop_Key          key.o
    0x08002c1c   0x08002c1c   0x00000064   Code   RO          518    i.MUSIC_Analysis    music.o
    0x08002c80   0x08002c80   0x00000004   Code   RO          231    i.MemManage_Handler  stm32f10x_it.o
    0x08002c84   0x08002c84   0x000008ac   Code   RO         2854    i.Menu              game1.o
    0x08003530   0x08003530   0x000000c8   Code   RO         2855    i.Menu1             game1.o
    0x080035f8   0x080035f8   0x000000e8   Code   RO         2856    i.Menu2             game1.o
    0x080036e0   0x080036e0   0x000000e0   Code   RO         2857    i.Menu3             game1.o
    0x080037c0   0x080037c0   0x0000012c   Code   RO         2858    i.Menu4             game1.o
    0x080038ec   0x080038ec   0x000000f0   Code   RO         2859    i.Menu5             game1.o
    0x080039dc   0x080039dc   0x000000ac   Code   RO         2860    i.Menu6             game1.o
    0x08003a88   0x08003a88   0x000000f8   Code   RO         3737    i.Move_Piece_TTRIS  game4.o
    0x08003b80   0x08003b80   0x000000bc   Code   RO         3738    i.NEXT_BLOCK_TTRIS  game4.o
    0x08003c3c   0x08003c3c   0x00000002   Code   RO          232    i.NMI_Handler       stm32f10x_it.o
    0x08003c3e   0x08003c3e   0x00000002   PAD
    0x08003c40   0x08003c40   0x00000070   Code   RO          735    i.NVIC_Init         misc.o
    0x08003cb0   0x08003cb0   0x00000014   Code   RO          736    i.NVIC_PriorityGroupConfig  misc.o
    0x08003cc4   0x08003cc4   0x00000028   Code   RO         4084    i.OLED_SetPos       oled12864_4.o
    0x08003cec   0x08003cec   0x00000018   Code   RO         4088    i.OLED_WR_Byte      oled12864_4.o
    0x08003d04   0x08003d04   0x0000001c   Code   RO         4089    i.OLED_data_start   oled12864_4.o
    0x08003d20   0x08003d20   0x00000068   Code   RO         3739    i.Ou_suis_Je_TTRIS  game4.o
    0x08003d88   0x08003d88   0x00000030   Code   RO         3740    i.PAINT_LINE_TTRIS  game4.o
    0x08003db8   0x08003db8   0x00000020   Code   RO         3741    i.PSEUDO_RND_TTRIS  game4.o
    0x08003dd8   0x08003dd8   0x00000020   Code   RO          911    i.RCC_APB1PeriphClockCmd  stm32f10x_rcc.o
    0x08003df8   0x08003df8   0x00000020   Code   RO          913    i.RCC_APB2PeriphClockCmd  stm32f10x_rcc.o
    0x08003e18   0x08003e18   0x000000d4   Code   RO          921    i.RCC_GetClocksFreq  stm32f10x_rcc.o
    0x08003eec   0x08003eec   0x00000010   Code   RO         3742    i.RECUPE_BACKGROUND_TTRIS  game4.o
    0x08003efc   0x08003efc   0x0000000c   Code   RO         3743    i.RecupeDecalageY_TTRIS  game4.o
    0x08003f08   0x08003f08   0x00000006   Code   RO         3744    i.RecupeLineY_TTRIS  game4.o
    0x08003f0e   0x08003f0e   0x00000002   PAD
    0x08003f10   0x08003f10   0x00000048   Code   RO         3745    i.Recupe_Start_TTRIS  game4.o
    0x08003f58   0x08003f58   0x000000c4   Code   RO         3746    i.Recupe_TTRIS      game4.o
    0x0800401c   0x0800401c   0x0000001c   Code   RO         3747    i.Reset_Value_TTRIS  game4.o
    0x08004038   0x08004038   0x00000028   Code   RO         3748    i.SETUP_NEW_PREVIEW_PIECE_TTRIS  game4.o
    0x08004060   0x08004060   0x00000002   Code   RO         3749    i.SND_TTRIS         game4.o
    0x08004062   0x08004062   0x00000002   PAD
    0x08004064   0x08004064   0x00000020   Code   RO         3750    i.Scan_Piece_Matrix_TTRIS  game4.o
    0x08004084   0x08004084   0x00000050   Code   RO         3751    i.Select_Piece_TTRIS  game4.o
    0x080040d4   0x080040d4   0x00000008   Code   RO          362    i.SetSysClock       system_stm32f10x.o
    0x080040dc   0x080040dc   0x000000e0   Code   RO          363    i.SetSysClockTo72   system_stm32f10x.o
    0x080041bc   0x080041bc   0x00000074   Code   RO         2861    i.Show_other        game1.o
    0x08004230   0x08004230   0x00000018   Code   RO         3752    i.SplitSpriteDecalageY_TTRIS  game4.o
    0x08004248   0x08004248   0x00000028   Code   RO          739    i.SysTick_CLKSourceConfig  misc.o
    0x08004270   0x08004270   0x00000010   Code   RO          566    i.SysTick_Handler   delay_1.o
    0x08004280   0x08004280   0x00000060   Code   RO          365    i.SystemInit        system_stm32f10x.o
    0x080042e0   0x080042e0   0x0000001c   Code   RO          469    i.TIM2_IRQHandler   key.o
    0x080042fc   0x080042fc   0x00000006   Code   RO         1299    i.TIM_ClearFlag     stm32f10x_tim.o
    0x08004302   0x08004302   0x00000006   Code   RO         1300    i.TIM_ClearITPendingBit  stm32f10x_tim.o
    0x08004308   0x08004308   0x00000018   Code   RO         1305    i.TIM_Cmd           stm32f10x_tim.o
    0x08004320   0x08004320   0x0000001e   Code   RO         1307    i.TIM_CtrlPWMOutputs  stm32f10x_tim.o
    0x0800433e   0x0800433e   0x00000022   Code   RO         1326    i.TIM_GetITStatus   stm32f10x_tim.o
    0x08004360   0x08004360   0x00000012   Code   RO         1330    i.TIM_ITConfig      stm32f10x_tim.o
    0x08004372   0x08004372   0x0000000c   Code   RO         1332    i.TIM_InternalClockConfig  stm32f10x_tim.o
    0x0800437e   0x0800437e   0x00000002   PAD
    0x08004380   0x08004380   0x0000007c   Code   RO         1349    i.TIM_OC4Init       stm32f10x_tim.o
    0x080043fc   0x080043fc   0x00000014   Code   RO         1352    i.TIM_OCStructInit  stm32f10x_tim.o
    0x08004410   0x08004410   0x00000006   Code   RO         1354    i.TIM_PrescalerConfig  stm32f10x_tim.o
    0x08004416   0x08004416   0x00000006   Code   RO         1369    i.TIM_SetCompare4   stm32f10x_tim.o
    0x0800441c   0x0800441c   0x000000a4   Code   RO         1376    i.TIM_TimeBaseInit  stm32f10x_tim.o
    0x080044c0   0x080044c0   0x0000007e   Code   RO          470    i.Timer_Init        key.o
    0x0800453e   0x0800453e   0x00000044   Code   RO         3753    i.Tiny_Flip_TTRIS   game4.o
    0x08004582   0x08004582   0x00000002   PAD
    0x08004584   0x08004584   0x00000088   Code   RO          674    i.USART1_IRQHandler  usart.o
    0x0800460c   0x0800460c   0x00000018   Code   RO         1113    i.USART_Cmd         stm32f10x_usart.o
    0x08004624   0x08004624   0x00000054   Code   RO         1117    i.USART_GetITStatus  stm32f10x_usart.o
    0x08004678   0x08004678   0x0000004a   Code   RO         1119    i.USART_ITConfig    stm32f10x_usart.o
    0x080046c2   0x080046c2   0x00000002   PAD
    0x080046c4   0x080046c4   0x000000d8   Code   RO         1120    i.USART_Init        stm32f10x_usart.o
    0x0800479c   0x0800479c   0x0000000a   Code   RO         1127    i.USART_ReceiveData  stm32f10x_usart.o
    0x080047a6   0x080047a6   0x00000004   Code   RO          233    i.UsageFault_Handler  stm32f10x_it.o
    0x080047aa   0x080047aa   0x0000000e   Code   RO         4264    i._is_digit         c_w.l(__printf_wp.o)
    0x080047b8   0x080047b8   0x00000004   Code   RO          675    i._sys_exit         usart.o
    0x080047bc   0x080047bc   0x000000d6   Code   RO         3754    i.blitzSprite_TTRIS  game4.o
    0x08004892   0x08004892   0x00000002   PAD
    0x08004894   0x08004894   0x000000b8   Code   RO         2862    i.bostacle_refresh  game1.o
    0x0800494c   0x0800494c   0x0000004e   Code   RO         3145    i.clear_jump        oled1.o
    0x0800499a   0x0800499a   0x00000002   PAD
    0x0800499c   0x0800499c   0x0000005c   Code   RO          567    i.delay_init        delay_1.o
    0x080049f8   0x080049f8   0x00000040   Code   RO          568    i.delay_ms          delay_1.o
    0x08004a38   0x08004a38   0x00000048   Code   RO          569    i.delay_us          delay_1.o
    0x08004a80   0x08004a80   0x00000098   Code   RO         2863    i.die               game1.o
    0x08004b18   0x08004b18   0x0000017c   Code   RO         3146    i.dinojump          oled1.o
    0x08004c94   0x08004c94   0x00000064   Code   RO         3147    i.dinorun           oled1.o
    0x08004cf8   0x08004cf8   0x00000130   Code   RO         3680    i.draw              game3.o
    0x08004e28   0x08004e28   0x000000a0   Code   RO         2231    i.eTaskGetState     tasks.o
    0x08004ec8   0x08004ec8   0x0000001c   Code   RO          676    i.fputc             usart.o
    0x08004ee4   0x08004ee4   0x000000dc   Code   RO         2864    i.game1             game1.o
    0x08004fc0   0x08004fc0   0x00000804   Code   RO         3332    i.game2             game2.o
    0x080057c4   0x080057c4   0x00000128   Code   RO         3333    i.game2_init        game2.o
    0x080058ec   0x080058ec   0x00000008   Code   RO            1    i.game2_task        main.o
    0x080058f4   0x080058f4   0x000002f0   Code   RO         3681    i.game3             game3.o
    0x08005be4   0x08005be4   0x00000008   Code   RO            2    i.game3_task        main.o
    0x08005bec   0x08005bec   0x00000154   Code   RO         3756    i.game4             game4.o
    0x08005d40   0x08005d40   0x00000008   Code   RO            3    i.game4_task        main.o
    0x08005d48   0x08005d48   0x00000008   Code   RO            4    i.geme1_task        main.o
    0x08005d50   0x08005d50   0x00000012   Code   RO         3682    i.get_button_status  game3.o
    0x08005d62   0x08005d62   0x00000008   Code   RO         3334    i.get_key_status    game2.o
    0x08005d6a   0x08005d6a   0x00000008   Code   RO            5    i.info_task         main.o
    0x08005d72   0x08005d72   0x00000002   PAD
    0x08005d74   0x08005d74   0x00000344   Code   RO         4216    i.infos             infos.o
    0x080060b8   0x080060b8   0x000000fc   Code   RO         2865    i.init_data         game1.o
    0x080061b4   0x080061b4   0x00000052   Code   RO         3757    i.intro_TTRIS       game4.o
    0x08006206   0x08006206   0x00000002   PAD
    0x08006208   0x08006208   0x0000006c   Code   RO         2866    i.live              game1.o
    0x08006274   0x08006274   0x0000008c   Code   RO         2867    i.loop_dead         game1.o
    0x08006300   0x08006300   0x0000005c   Code   RO            6    i.main              main.o
    0x0800635c   0x0800635c   0x00000016   Code   RO         3758    i.map               game4.o
    0x08006372   0x08006372   0x00000002   PAD
    0x08006374   0x08006374   0x000003c4   Code   RO         3647    i.menu              menu.o
    0x08006738   0x08006738   0x000001e0   Code   RO            7    i.menu_task         main.o
    0x08006918   0x08006918   0x00000008   Code   RO            8    i.music0_task       main.o
    0x08006920   0x08006920   0x0000009c   Code   RO          542    i.music_PWM_Init    music_pwm.o
    0x080069bc   0x080069bc   0x00000014   Code   RO          543    i.music_PWM_SetCompare4  music_pwm.o
    0x080069d0   0x080069d0   0x00000038   Code   RO          544    i.music_PWM_SetPSC  music_pwm.o
    0x08006a08   0x08006a08   0x00000110   Code   RO         3148    i.obstacle          oled1.o
    0x08006b18   0x08006b18   0x0000010c   Code   RO         3335    i.ponovo            game2.o
    0x08006c24   0x08006c24   0x00000098   Code   RO         2233    i.prvAddCurrentTaskToDelayedList  tasks.o
    0x08006cbc   0x08006cbc   0x000000b8   Code   RO         2234    i.prvAddNewTaskToReadyList  tasks.o
    0x08006d74   0x08006d74   0x00000064   Code   RO         2593    i.prvCheckForValidListAndQueue  timers.o
    0x08006dd8   0x08006dd8   0x00000064   Code   RO         2235    i.prvCheckTasksWaitingTermination  tasks.o
    0x08006e3c   0x08006e3c   0x0000002a   Code   RO         1997    i.prvCopyDataFromQueue  queue.o
    0x08006e66   0x08006e66   0x0000007c   Code   RO         1998    i.prvCopyDataToQueue  queue.o
    0x08006ee2   0x08006ee2   0x00000012   Code   RO         2236    i.prvDeleteTCB      tasks.o
    0x08006ef4   0x08006ef4   0x00000028   Code   RO         2594    i.prvGetNextExpireTime  timers.o
    0x08006f1c   0x08006f1c   0x0000007c   Code   RO         2800    i.prvHeapInit       heap_4.o
    0x08006f98   0x08006f98   0x00000028   Code   RO         2237    i.prvIdleTask       tasks.o
    0x08006fc0   0x08006fc0   0x0000002e   Code   RO         2000    i.prvInitialiseNewQueue  queue.o
    0x08006fee   0x08006fee   0x00000002   PAD
    0x08006ff0   0x08006ff0   0x000000d0   Code   RO         2238    i.prvInitialiseNewTask  tasks.o
    0x080070c0   0x080070c0   0x00000068   Code   RO         2239    i.prvInitialiseTaskLists  tasks.o
    0x08007128   0x08007128   0x00000068   Code   RO         2801    i.prvInsertBlockIntoFreeList  heap_4.o
    0x08007190   0x08007190   0x00000058   Code   RO         2596    i.prvInsertTimerInActiveList  timers.o
    0x080071e8   0x080071e8   0x0000001a   Code   RO         2001    i.prvIsQueueEmpty   queue.o
    0x08007202   0x08007202   0x0000001e   Code   RO         2002    i.prvIsQueueFull    queue.o
    0x08007220   0x08007220   0x000000a0   Code   RO         2003    i.prvNotifyQueueSetContainer  queue.o
    0x080072c0   0x080072c0   0x00000080   Code   RO         2597    i.prvProcessExpiredTimer  timers.o
    0x08007340   0x08007340   0x0000012c   Code   RO         2598    i.prvProcessReceivedCommands  timers.o
    0x0800746c   0x0800746c   0x00000074   Code   RO         2599    i.prvProcessTimerOrBlockTask  timers.o
    0x080074e0   0x080074e0   0x00000034   Code   RO         2241    i.prvResetNextTaskUnblockTime  tasks.o
    0x08007514   0x08007514   0x0000002c   Code   RO         2600    i.prvSampleTimeNow  timers.o
    0x08007540   0x08007540   0x000000bc   Code   RO         2601    i.prvSwitchTimerLists  timers.o
    0x080075fc   0x080075fc   0x00000016   Code   RO         2242    i.prvTaskCheckFreeStackSpace  tasks.o
    0x08007612   0x08007612   0x00000002   PAD
    0x08007614   0x08007614   0x00000070   Code   RO         2724    i.prvTaskExitError  port.o
    0x08007684   0x08007684   0x00000074   Code   RO         2243    i.prvTaskIsTaskSuspended  tasks.o
    0x080076f8   0x080076f8   0x0000001a   Code   RO         2602    i.prvTimerTask      timers.o
    0x08007712   0x08007712   0x00000092   Code   RO         2004    i.prvUnlockQueue    queue.o
    0x080077a4   0x080077a4   0x00000154   Code   RO         2802    i.pvPortMalloc      heap_4.o
    0x080078f8   0x080078f8   0x00000020   Code   RO         2245    i.pvTaskIncrementMutexHeldCount  tasks.o
    0x08007918   0x08007918   0x00000024   Code   RO         2725    i.pxPortInitialiseStack  port.o
    0x0800793c   0x0800793c   0x00000028   Code   RO         3759    i.recupe_Chateau_TTRIS  game4.o
    0x08007964   0x08007964   0x00000008   Code   RO         3760    i.recupe_HIGHSCORE_TTRIS  game4.o
    0x0800796c   0x0800796c   0x0000006c   Code   RO         3761    i.recupe_LEVEL_TTRIS  game4.o
    0x080079d8   0x080079d8   0x00000070   Code   RO         3762    i.recupe_Nb_of_line_TTRIS  game4.o
    0x08007a48   0x08007a48   0x000002f8   Code   RO         3763    i.recupe_SCORES_TTRIS  game4.o
    0x08007d40   0x08007d40   0x00000034   Code   RO         3764    i.reset_Score_TTRIS  game4.o
    0x08007d74   0x08007d74   0x0000008c   Code   RO         3765    i.rotate_Matrix_TTRIS  game4.o
    0x08007e00   0x08007e00   0x00000044   Code   RO            9    i.start_task        main.o
    0x08007e44   0x08007e44   0x00000002   Code   RO         3336    i.tone              game2.o
    0x08007e46   0x08007e46   0x00000002   PAD
    0x08007e48   0x08007e48   0x000000a0   Code   RO          677    i.uart_init         usart.o
    0x08007ee8   0x08007ee8   0x00000028   Code   RO         1960    i.uxListRemove      list.o
    0x08007f10   0x08007f10   0x0000001a   Code   RO         1961    i.vListInitialise   list.o
    0x08007f2a   0x08007f2a   0x00000006   Code   RO         1962    i.vListInitialiseItem  list.o
    0x08007f30   0x08007f30   0x00000034   Code   RO         1963    i.vListInsert       list.o
    0x08007f64   0x08007f64   0x00000018   Code   RO         1964    i.vListInsertEnd    list.o
    0x08007f7c   0x08007f7c   0x00000088   Code   RO         2727    i.vPortEnterCritical  port.o
    0x08008004   0x08008004   0x00000070   Code   RO         2728    i.vPortExitCritical  port.o
    0x08008074   0x08008074   0x000000b8   Code   RO         2803    i.vPortFree         heap_4.o
    0x0800812c   0x0800812c   0x00000020   Code   RO         2729    i.vPortSetupTimerInterrupt  port.o
    0x0800814c   0x0800814c   0x000000a0   Code   RO         2730    i.vPortValidateInterruptPriority  port.o
    0x080081ec   0x080081ec   0x0000002c   Code   RO         2010    i.vQueueAddToRegistry  queue.o
    0x08008218   0x08008218   0x0000004a   Code   RO         2014    i.vQueueWaitForMessageRestricted  queue.o
    0x08008262   0x08008262   0x00000002   PAD
    0x08008264   0x08008264   0x00000074   Code   RO         2253    i.vTaskDelay        tasks.o
    0x080082d8   0x080082d8   0x0000010c   Code   RO         2255    i.vTaskDelete       tasks.o
    0x080083e4   0x080083e4   0x00000078   Code   RO         2257    i.vTaskGetInfo      tasks.o
    0x0800845c   0x0800845c   0x0000000c   Code   RO         2259    i.vTaskMissedYield  tasks.o
    0x08008468   0x08008468   0x00000054   Code   RO         2261    i.vTaskPlaceOnEventList  tasks.o
    0x080084bc   0x080084bc   0x0000005c   Code   RO         2262    i.vTaskPlaceOnEventListRestricted  tasks.o
    0x08008518   0x08008518   0x000000b0   Code   RO         2264    i.vTaskPriorityInherit  tasks.o
    0x080085c8   0x080085c8   0x000000ac   Code   RO         2266    i.vTaskResume       tasks.o
    0x08008674   0x08008674   0x0000004c   Code   RO         2268    i.vTaskSetTimeOutState  tasks.o
    0x080086c0   0x080086c0   0x000000ac   Code   RO         2269    i.vTaskStartScheduler  tasks.o
    0x0800876c   0x0800876c   0x00000100   Code   RO         2270    i.vTaskSuspend      tasks.o
    0x0800886c   0x0800886c   0x00000010   Code   RO         2271    i.vTaskSuspendAll   tasks.o
    0x0800887c   0x0800887c   0x000000a8   Code   RO         2272    i.vTaskSwitchContext  tasks.o
    0x08008924   0x08008924   0x000000a0   Code   RO         2731    i.xPortStartScheduler  port.o
    0x080089c4   0x080089c4   0x00000034   Code   RO         2732    i.xPortSysTickHandler  port.o
    0x080089f8   0x080089f8   0x00000074   Code   RO         2019    i.xQueueGenericCreate  queue.o
    0x08008a6c   0x08008a6c   0x000001c8   Code   RO         2020    i.xQueueGenericReceive  queue.o
    0x08008c34   0x08008c34   0x000000b0   Code   RO         2021    i.xQueueGenericReset  queue.o
    0x08008ce4   0x08008ce4   0x000001c4   Code   RO         2022    i.xQueueGenericSend  queue.o
    0x08008ea8   0x08008ea8   0x00000110   Code   RO         2023    i.xQueueGenericSendFromISR  queue.o
    0x08008fb8   0x08008fb8   0x000000a0   Code   RO         2273    i.xTaskCheckForTimeOut  tasks.o
    0x08009058   0x08009058   0x00000060   Code   RO         2274    i.xTaskCreate       tasks.o
    0x080090b8   0x080090b8   0x00000020   Code   RO         2278    i.xTaskGetSchedulerState  tasks.o
    0x080090d8   0x080090d8   0x0000000c   Code   RO         2279    i.xTaskGetTickCount  tasks.o
    0x080090e4   0x080090e4   0x00000160   Code   RO         2281    i.xTaskIncrementTick  tasks.o
    0x08009244   0x08009244   0x000000d8   Code   RO         2284    i.xTaskPriorityDisinherit  tasks.o
    0x0800931c   0x0800931c   0x000000b4   Code   RO         2285    i.xTaskRemoveFromEventList  tasks.o
    0x080093d0   0x080093d0   0x00000120   Code   RO         2287    i.xTaskResumeAll    tasks.o
    0x080094f0   0x080094f0   0x00000074   Code   RO         2606    i.xTimerCreateTimerTask  timers.o
    0x08009564   0x08009564   0x000000a4   Code   RO         2607    i.xTimerGenericCommand  timers.o
    0x08009608   0x08009608   0x00000008   Data   RO         2868    .constdata          game1.o
    0x08009610   0x08009610   0x000044f1   Data   RO         3149    .constdata          oled1.o
    0x0800db01   0x0800db01   0x00000020   Data   RO         3337    .constdata          game2.o
    0x0800db21   0x0800db21   0x0000086d   Data   RO         3383    .constdata          oled_data2.o
    0x0800e38e   0x0800e38e   0x000005e2   Data   RO         3768    .constdata          game4.o
    0x0800e970   0x0800e970   0x00000011   Data   RO         4272    .constdata          c_w.l(__printf_flags_ss_wp.o)
    0x0800e981   0x0800e981   0x00000003   PAD
    0x0800e984   0x0800e984   0x00000020   Data   RO         4702    Region$$Table       anon$$obj.o


    Execution Region ER_RW (Exec base: 0x20000000, Load base: 0x0800e9a4, Size: 0x00001d38, Max: 0xffffffff, ABSOLUTE, COMPRESSED[0x0000079c])

    Exec Addr    Load Addr    Size         Type   Attr      Idx    E Section Name        Object

    0x20000000   COMPRESSED   0x00000024   Data   RW           11    .data               main.o
    0x20000024   COMPRESSED   0x00000014   Data   RW          366    .data               system_stm32f10x.o
    0x20000038   COMPRESSED   0x00000003   Data   RW          471    .data               key.o
    0x2000003b   COMPRESSED   0x00000001   PAD
    0x2000003c   COMPRESSED   0x00001080   Data   RW          519    .data               music.o
    0x200010bc   COMPRESSED   0x00000004   Data   RW          571    .data               delay_1.o
    0x200010c0   COMPRESSED   0x00000006   Data   RW          679    .data               usart.o
    0x200010c6   COMPRESSED   0x00000014   Data   RW          941    .data               stm32f10x_rcc.o
    0x200010da   COMPRESSED   0x00000002   PAD
    0x200010dc   COMPRESSED   0x0000003c   Data   RW         2290    .data               tasks.o
    0x20001118   COMPRESSED   0x00000014   Data   RW         2615    .data               timers.o
    0x2000112c   COMPRESSED   0x0000000c   Data   RW         2733    .data               port.o
    0x20001138   COMPRESSED   0x00000018   Data   RW         2808    .data               heap_4.o
    0x20001150   COMPRESSED   0x0000002c   Data   RW         2869    .data               game1.o
    0x2000117c   COMPRESSED   0x0000000f   Data   RW         3150    .data               oled1.o
    0x2000118b   COMPRESSED   0x00000001   PAD
    0x2000118c   COMPRESSED   0x0000007c   Data   RW         3338    .data               game2.o
    0x20001208   COMPRESSED   0x00000400   Data   RW         3432    .data               oled2.o
    0x20001608   COMPRESSED   0x00000008   Data   RW         3649    .data               menu.o
    0x20001610   COMPRESSED   0x000006db   Data   RW         3683    .data               game3.o
    0x20001ceb   COMPRESSED   0x00000001   PAD
    0x20001cec   COMPRESSED   0x0000004c   Data   RW         3769    .data               game4.o


    Execution Region ER_ZI (Exec base: 0x20001d38, Load base: 0x0800f140, Size: 0x00002888, Max: 0xffffffff, ABSOLUTE)

    Exec Addr    Load Addr    Size         Type   Attr      Idx    E Section Name        Object

    0x20001d38        -       0x000000b4   Zero   RW           10    .bss                main.o
    0x20001dec        -       0x000000c8   Zero   RW          678    .bss                usart.o
    0x20001eb4        -       0x00000040   Zero   RW         2034    .bss                queue.o
    0x20001ef4        -       0x000002e4   Zero   RW         2289    .bss                tasks.o
    0x200021d8        -       0x00000028   Zero   RW         2614    .bss                timers.o
    0x20002200        -       0x00001c00   Zero   RW         2807    .bss                heap_4.o
    0x20003e00        -       0x0000001e   Zero   RW         3648    .bss                menu.o
    0x20003e1e        -       0x0000003d   Zero   RW         3767    .bss                game4.o
    0x20003e5b        -       0x0000001e   Zero   RW         4217    .bss                infos.o
    0x20003e79   0x0800f140   0x00000003   PAD
    0x20003e7c        -       0x000000e4   Zero   RW         4281    .bss                c_w.l(rand.o)
    0x20003f60        -       0x00000060   Zero   RW         4571    .bss                c_w.l(libspace.o)
    0x20003fc0        -       0x00000200   Zero   RW          729    HEAP                startup_stm32f10x_md.o
    0x200041c0        -       0x00000400   Zero   RW          728    STACK               startup_stm32f10x_md.o


==============================================================================

Image component sizes


      Code (inc. data)   RO Data    RW Data    ZI Data      Debug   Object Name

       244         26          0          4          0      12057   delay_1.o
         0          0          0          0          0      11672   event_groups.o
      5388        576          8         44          0      27402   game1.o
      2626        512         32        124          0       5057   game2.o
      1074         90          0       1755          0       2827   game3.o
      5426        518       1506         76         61      36213   game4.o
       752        176          0         24       7168       3635   heap_4.o
       836        174          0          0         30       1706   infos.o
       726         34          0          3          0       3704   key.o
         0          0          0          0          0     203316   led.o
       148          0          0          0          0       2830   list.o
       688        176          0         36        180      17542   main.o
       964        154          0          8         30       2154   menu.o
       172         22          0          0          0       1917   misc.o
       100         10          0       4224          0       1200   music.o
       232         24          0          0          0       1648   music_pwm.o
      3344        140      17649         15          0      21098   oled1.o
       404         18          0          0          0       4555   oled12864_4.o
      2066         46          0       1024          0      14247   oled2.o
         0          0       2157          0          0       1076   oled_data2.o
       950        320          0         12          0       9733   port.o
      2164        238          0          0         64      14737   queue.o
        64         26        236          0       1536        772   startup_stm32f10x_md.o
       314          0          0          0          0       4032   stm32f10x_gpio.o
       132          8          0          0          0      45809   stm32f10x_it.o
       276         32          0         20          0       4266   stm32f10x_rcc.o
       450         52          0          0          0       7038   stm32f10x_tim.o
       408          6          0          0          0       4790   stm32f10x_usart.o
         0          0          0          0          0         32   sys.o
       328         28          0         20          0       1917   system_stm32f10x.o
      4252       1110          0         60        740      31075   tasks.o
      1310        312          0         20         40       7991   timers.o
       328         26          0          6        200       3944   usart.o

    ----------------------------------------------------------------------
     36218       4854      21620       7480      10052     511992   Object Totals
         0          0         32          0          0          0   (incl. Generated)
        52          0          0          5          3          0   (incl. Padding)

    ----------------------------------------------------------------------

      Code (inc. data)   RO Data    RW Data    ZI Data      Debug   Library Member Name

        24          4          0          0          0         84   __2printf.o
        44          6          0          0          0         84   __2sprintf.o
       100          0          0          0          0          0   __dclz77c.o
         8          0          0          0          0         68   __main.o
       392          4         17          0          0         92   __printf_flags_ss_wp.o
        14          0          0          0          0         68   __printf_wp.o
         0          0          0          0          0          0   __rtentry.o
        12          0          0          0          0          0   __rtentry2.o
         6          0          0          0          0          0   __rtentry4.o
        52          8          0          0          0          0   __scatter.o
        28          0          0          0          0          0   __scatter_zi.o
        44          0          0          0          0        108   _printf_char.o
        48          6          0          0          0         96   _printf_char_common.o
        36          4          0          0          0         80   _printf_char_file.o
         6          0          0          0          0          0   _printf_d.o
       120         16          0          0          0         92   _printf_dec.o
       178          0          0          0          0         88   _printf_intcommon.o
        78          0          0          0          0        108   _printf_pad.o
         0          0          0          0          0          0   _printf_percent.o
         4          0          0          0          0          0   _printf_percent_end.o
         6          0          0          0          0          0   _printf_s.o
        82          0          0          0          0         80   _printf_str.o
        10          0          0          0          0         68   _sputc.o
        16          0          0          0          0         68   aeabi_memset.o
        18          0          0          0          0         80   exit.o
         8          0          0          0          0         68   ferror.o
         6          0          0          0          0        152   heapauxi.o
         2          0          0          0          0          0   libinit.o
         6          0          0          0          0          0   libinit2.o
         2          0          0          0          0          0   libshutdown.o
         2          0          0          0          0          0   libshutdown2.o
         8          4          0          0         96         68   libspace.o
       112         18          0          0        228        160   rand.o
        68          0          0          0          0         68   rt_memclr.o
        78          0          0          0          0         80   rt_memclr_w.o
       138          0          0          0          0         68   rt_memcpy_v6.o
       100          0          0          0          0         80   rt_memcpy_w.o
         2          0          0          0          0          0   rtexit.o
        10          0          0          0          0          0   rtexit2.o
        74          0          0          0          0         80   sys_stackheap_outer.o
         2          0          0          0          0         68   use_no_semi.o
         2          0          0          0          0         68   use_no_semi_2.o

    ----------------------------------------------------------------------
      1954         70         20          0        324       2224   Library Totals
         8          0          3          0          0          0   (incl. Padding)

    ----------------------------------------------------------------------

      Code (inc. data)   RO Data    RW Data    ZI Data      Debug   Library Name

      1946         70         17          0        324       2224   c_w.l

    ----------------------------------------------------------------------
      1954         70         20          0        324       2224   Library Totals

    ----------------------------------------------------------------------

==============================================================================


      Code (inc. data)   RO Data    RW Data    ZI Data      Debug   

     38172       4924      21640       7480      10376     498612   Grand Totals
     38172       4924      21640       1948      10376     498612   ELF Image Totals (compressed)
     38172       4924      21640       1948          0          0   ROM Totals

==============================================================================

    Total RO  Size (Code + RO Data)                59812 (  58.41kB)
    Total RW  Size (RW Data + ZI Data)             17856 (  17.44kB)
    Total ROM Size (Code + RO Data + RW Data)      61760 (  60.31kB)

==============================================================================

